{
  "name": "simple",
  "reference": {
    "$": "Reference",
    "symbol": "project",
    "url": "package:celest_backend/src/project.dart"
  },
  "apis": {},
  "envVars": [],
  "secrets": [],
  "sdkInfo": {
    "sdkVersion": "3.5.3",
    "enabledExperiments": [],
    "featureFlags": [
      "streaming"
    ]
  },
  "location": {
    "start": {
      "offset": 44,
      "uri": "project.dart",
      "line": 2,
      "column": 6
    },
    "end": {
      "offset": 77,
      "uri": "project.dart",
      "line": 2,
      "column": 39
    },
    "text": "project = Project(name: 'simple')"
  }
}