{
  "projectId": "supabase",
  "environmentId": "local",
  "apis": {
    "auth": {
      "apiId": "auth",
      "functions": {
        "currentUser": {
          "functionId": "currentUser",
          "apiId": "auth",
          "httpConfig": {
            "route": {
              "method": "GET",
              "path": "/auth/current-user"
            },
            "additionalRoutes": [],
            "status": 200,
            "statusMappings": {}
          },
          "variables": [],
          "secrets": [],
          "streamConfig": {},
          "policySet": {
            "policies": {
              "auth/currentUser.authenticated_restrict": {
                "effect": "forbid",
                "principal": {
                  "op": "All"
                },
                "action": {
                  "op": "==",
                  "entity": {
                    "type": "Celest::Action",
                    "id": "invoke"
                  }
                },
                "resource": {
                  "op": "==",
                  "entity": {
                    "type": "Celest::Function",
                    "id": "auth/currentUser"
                  }
                },
                "conditions": [
                  {
                    "kind": "unless",
                    "body": {
                      "in": {
                        "left": {
                          "Var": "principal"
                        },
                        "right": {
                          "Value": {
                            "__entity": {
                              "type": "Celest::Role",
                              "id": "authenticated"
                            }
                          }
                        }
                      }
                    }
                  }
                ]
              }
            },
            "templates": {},
            "templateLinks": [
              {
                "templateId": "cloud.functions.authenticated",
                "newId": "auth/currentUser.authenticated",
                "values": {
                  "?resource": "Celest::Function::\"auth/currentUser\""
                }
              }
            ]
          }
        }
      }
    }
  },
  "variables": [
    {
      "name": "SUPABASE_URL",
      "value": "http://127.0.0.1:54321"
    },
    {
      "name": "SUPABASE_PROJECT_ID",
      "value": "vduqtbtlcxxozghvhdqu"
    },
    {
      "name": "CELEST_ENVIRONMENT",
      "value": "local"
    }
  ],
  "secrets": [
    {
      "name": "SUPABASE_JWT_SECRET",
      "value": "super-secret-jwt-token-with-at-least-32-characters-long"
    }
  ],
  "databases": {},
  "sdkConfig": {
    "celest": "1.0.6+2",
    "dart": {
      "type": "dart",
      "version": "3.29.0",
      "enabledExperiments": []
    },
    "targetSdk": "dart",
    "featureFlags": [
      "streaming"
    ],
    "flutter": {
      "type": "flutter",
      "version": "3.29.0",
      "enabledExperiments": []
    }
  },
  "auth": {
    "providers": [],
    "externalProviders": [
      {
        "$": "ResolvedSupabaseExternalAuthProvider",
        "projectUrl": {
          "name": "SUPABASE_URL",
          "value": "http://127.0.0.1:54321"
        },
        "authProviderId": "supabase",
        "type": "SUPABASE",
        "jwtSecret": {
          "name": "SUPABASE_JWT_SECRET",
          "value": "super-secret-jwt-token-with-at-least-32-characters-long"
        }
      }
    ]
  }
}