{
  "name": "env_vars",
  "widgets": [
    {
      "type": "Celest::CloudApi",
      "id": "injected",
      "cloudApi": {
        "name": "injected"
      }
    },
    {
      "environmentVariable": {
        "name": "IM_COOL"
      }
    },
    {
      "environmentVariable": {
        "name": "MY_AGE"
      }
    },
    {
      "environmentVariable": {
        "name": "MY_HEIGHT"
      }
    },
    {
      "environmentVariable": {
        "name": "MY_NAME"
      }
    },
    {
      "environmentVariable": {
        "name": "MY_WEIGHT"
      }
    },
    {
      "type": "Celest::CloudFunction",
      "id": "injected.sayHello",
      "cloudFunction": {
        "name": "sayHello",
        "apiName": "injected"
      }
    },
    {
      "type": "Celest::CloudFunction",
      "id": "injected.sayHelloPerson",
      "cloudFunction": {
        "name": "sayHelloPerson",
        "apiName": "injected"
      }
    }
  ]
}