{
  "projectId": "supabase",
  "environmentId": "local",
  "apis": {
    "auth": {
      "apiId": "auth",
      "functions": {
        "currentUser": {
          "functionId": "currentUser",
          "parentId": "auth",
          "httpConfig": {
            "status": 200,
            "route": {
              "method": "GET",
              "path": "/auth/current-user"
            },
            "statusMappings": {}
          },
          "streamConfig": {
            "type": "STREAM_CONFIG_TYPE_UNSPECIFIED"
          },
          "policySet": {
            "policies": {
              "auth/currentUser.authenticated_restrict": {
                "effect": "EFFECT_FORBID",
                "principal": {
                  "all": {}
                },
                "action": {
                  "equals": {
                    "entity": {
                      "type": "Celest::Action",
                      "id": "invoke"
                    }
                  }
                },
                "resource": {
                  "equals": {
                    "entity": {
                      "type": "Celest::Function",
                      "id": "auth/currentUser"
                    }
                  }
                },
                "conditions": [
                  {
                    "kind": "CONDITION_KIND_UNLESS",
                    "body": {
                      "in": {
                        "left": {
                          "variable": {
                            "variable": "VARIABLE_PRINCIPAL"
                          }
                        },
                        "right": {
                          "value": {
                            "value": {
                              "entity": {
                                "uid": {
                                  "type": "Celest::Role",
                                  "id": "authenticated"
                                }
                              }
                            }
                          }
                        }
                      }
                    }
                  }
                ]
              }
            },
            "templateLinks": [
              {
                "templateId": "cloud.functions.authenticated",
                "newId": "auth/currentUser.authenticated",
                "values": {
                  "?resource": {
                    "type": "Celest::Function",
                    "id": "auth/currentUser"
                  }
                }
              }
            ]
          }
        }
      }
    }
  },
  "variables": [
    {
      "name": "SUPABASE_URL",
      "value": "http://127.0.0.1:54321"
    },
    {
      "name": "SUPABASE_PROJECT_ID",
      "value": "vduqtbtlcxxozghvhdqu"
    },
    {
      "name": "CELEST_ENVIRONMENT",
      "value": "local"
    }
  ],
  "secrets": [
    {
      "name": "SUPABASE_JWT_SECRET",
      "value": "super-secret-jwt-token-with-at-least-32-characters-long"
    }
  ],
  "auth": {
    "externalProviders": [
      {
        "authProviderId": "supabase",
        "type": "SUPABASE",
        "supabase": {
          "projectUrl": {
            "name": "SUPABASE_URL",
            "value": "http://127.0.0.1:54321"
          },
          "jwtSecret": {
            "name": "SUPABASE_JWT_SECRET",
            "value": "super-secret-jwt-token-with-at-least-32-characters-long"
          }
        }
      }
    ]
  },
  "databases": {},
  "sdkConfig": {
    "celest": {
      "major": 1,
      "minor": 0,
      "patch": 0,
      "canonicalizedVersion": "1.0.0"
    },
    "dart": {
      "type": "DART",
      "version": {
        "major": 3,
        "minor": 5,
        "patch": 3,
        "canonicalizedVersion": "3.5.3"
      }
    },
    "flutter": {
      "type": "FLUTTER",
      "version": {
        "major": 3,
        "minor": 24,
        "patch": 3,
        "canonicalizedVersion": "3.24.3"
      }
    },
    "targetSdk": "DART",
    "featureFlags": [
      "STREAMING"
    ]
  }
}