{
  "name": "simple",
  "reference": {
    "symbol": "project",
    "url": "project.dart"
  },
  "location": {
    "path": "project.dart",
    "line": 3,
    "column": 6
  },
  "environmentNames": [
    "prod"
  ],
  "baseEnvironment": {
    "apis": {}
  },
  "environmentOverrides": {}
}