{
  "name": "streaming",
  "apis": {
    "server_side": {
      "name": "server_side",
      "functions": {
        "hello": {
          "name": "hello",
          "route": "/server-side/hello",
          "apiName": "server_side",
          "envVars": [],
          "streamType": "unidirectionalServer"
        },
        "stockTicker": {
          "name": "stockTicker",
          "route": "/server-side/stock-ticker",
          "apiName": "server_side",
          "envVars": [],
          "streamType": "unidirectionalServer"
        },
        "jsonValues": {
          "name": "jsonValues",
          "route": "/server-side/json-values",
          "apiName": "server_side",
          "envVars": [],
          "streamType": "unidirectionalServer"
        }
      }
    }
  },
  "envVars": [],
  "sdkInfo": {
    "sdkVersion": "3.4.3",
    "enabledExperiments": [],
    "featureFlags": [
      "streaming"
    ]
  }
}