{
  "name": "env_vars",
  "environments": [
    "prod",
    "dev"
  ]
}