{
  "name": "environments",
  "environments": [
    "prod",
    "staging",
    "dev"
  ],
  "widgets": [
    {
      "type": "Celest::\"CloudApi\"",
      "id": "override.dev",
      "cloudApi": {
        "name": "override"
      }
    },
    {
      "type": "Celest::\"CloudFunction\"",
      "id": "override.sayHello.dev",
      "cloudFunction": {
        "name": "sayHello",
        "apiName": "override"
      }
    }
  ]
}