{
  "name": "env_vars",
  "reference": {
    "$": "Reference",
    "symbol": "project",
    "url": "project:project.dart"
  },
  "apis": {},
  "envVars": [
    {
      "envName": "MY_NAME",
      "location": {
        "start": {
          "offset": 0,
          "uri": ".env",
          "line": 0,
          "column": 0
        },
        "end": {
          "offset": 15,
          "uri": ".env",
          "line": 1,
          "column": 0
        },
        "text": "MY_NAME=Dillon\n"
      }
    },
    {
      "envName": "MY_AGE",
      "location": {
        "start": {
          "offset": 15,
          "uri": ".env",
          "line": 1,
          "column": 0
        },
        "end": {
          "offset": 25,
          "uri": ".env",
          "line": 2,
          "column": 0
        },
        "text": "MY_AGE=28\n"
      }
    },
    {
      "envName": "MY_HEIGHT",
      "location": {
        "start": {
          "offset": 25,
          "uri": ".env",
          "line": 2,
          "column": 0
        },
        "end": {
          "offset": 40,
          "uri": ".env",
          "line": 3,
          "column": 0
        },
        "text": "MY_HEIGHT=5.83\n"
      }
    },
    {
      "envName": "MY_WEIGHT",
      "location": {
        "start": {
          "offset": 40,
          "uri": ".env",
          "line": 3,
          "column": 0
        },
        "end": {
          "offset": 54,
          "uri": ".env",
          "line": 4,
          "column": 0
        },
        "text": "MY_WEIGHT=130\n"
      }
    },
    {
      "envName": "IM_COOL",
      "location": {
        "start": {
          "offset": 54,
          "uri": ".env",
          "line": 4,
          "column": 0
        },
        "end": {
          "offset": 67,
          "uri": ".env",
          "line": 5,
          "column": 0
        },
        "text": "IM_COOL=true\n"
      }
    },
    {
      "envName": "MY_WEBSITE",
      "location": {
        "start": {
          "offset": 67,
          "uri": ".env",
          "line": 5,
          "column": 0
        },
        "end": {
          "offset": 101,
          "uri": ".env",
          "line": 5,
          "column": 34
        },
        "text": "MY_WEBSITE=\"https://dillonnys.com\""
      }
    }
  ],
  "sdkInfo": {
    "enabledExperiments": [],
    "sdkVersion": "^3.0.0"
  },
  "location": {
    "start": {
      "offset": 44,
      "uri": "project.dart",
      "line": 2,
      "column": 6
    },
    "end": {
      "offset": 51,
      "uri": "project.dart",
      "line": 2,
      "column": 13
    },
    "text": "project"
  }
}