{
  "name": "env_vars",
  "widgets": [
    {
      "environmentVariable": {
        "name": "IM_COOL"
      }
    },
    {
      "environmentVariable": {
        "name": "MY_AGE"
      }
    },
    {
      "environmentVariable": {
        "name": "MY_HEIGHT"
      }
    },
    {
      "environmentVariable": {
        "name": "MY_NAME"
      }
    },
    {
      "environmentVariable": {
        "name": "MY_WEIGHT"
      }
    }
  ]
}