{
  "name": "env_vars",
  "apis": {
    "injected": {
      "name": "injected",
      "functions": {
        "sayHello": {
          "name": "sayHello",
          "route": "/injected/say-hello",
          "apiName": "injected",
          "envVars": [
            "MY_NAME",
            "MY_AGE"
          ]
        },
        "sayHelloPerson": {
          "name": "sayHelloPerson",
          "route": "/injected/say-hello-person",
          "apiName": "injected",
          "envVars": [
            "MY_NAME",
            "MY_AGE",
            "MY_HEIGHT",
            "MY_WEIGHT",
            "IM_COOL",
            "MY_WEBSITE"
          ]
        }
      }
    }
  },
  "envVars": [
    {
      "name": "MY_NAME",
      "value": "Dillon"
    },
    {
      "name": "MY_AGE",
      "value": "28"
    },
    {
      "name": "MY_HEIGHT",
      "value": "5.83"
    },
    {
      "name": "MY_WEIGHT",
      "value": "130"
    },
    {
      "name": "IM_COOL",
      "value": "true"
    },
    {
      "name": "MY_WEBSITE",
      "value": "https://dillonnys.com"
    }
  ],
  "sdkInfo": {
    "sdkVersion": "3.3.0",
    "enabledExperiments": []
  }
}