{
  "name": "firebase_test",
  "apis": {
    "greeting": {
      "name": "greeting",
      "functions": {
        "sayHello": {
          "name": "sayHello",
          "route": "/greeting/say-hello",
          "apiName": "greeting",
          "envVars": [],
          "secrets": []
        }
      }
    }
  },
  "envVars": [
    {
      "name": "FIREBASE_PROJECT_ID",
      "value": "prj-d-firebase-test"
    }
  ],
  "secrets": [],
  "sdkInfo": {
    "sdkVersion": "3.5.3",
    "enabledExperiments": [],
    "featureFlags": [
      "streaming"
    ]
  },
  "auth": {
    "providers": [],
    "externalProviders": [
      {
        "$": "ResolvedFirebaseExternalAuthProvider",
        "projectId": {
          "name": "FIREBASE_PROJECT_ID",
          "value": "prj-d-firebase-test"
        },
        "name": "firebase",
        "type": "FIREBASE"
      }
    ]
  }
}