{
  "name": "api",
  "widgets": [
    {
      "type": "Celest::CloudApi",
      "id": "anonymous_api",
      "cloudApi": {
        "name": "anonymous_api",
        "policy": {
          "statements": [
            {
              "grantee": "Celest::Role::$public",
              "actions": [
                "CloudFunctionAction::\"invoke\""
              ]
            }
          ]
        }
      }
    },
    {
      "type": "Celest::CloudApi",
      "id": "anonymous_function",
      "cloudApi": {
        "name": "anonymous_function",
        "policy": {
          "statements": [
            {
              "grantee": "Celest::Role::$authenticated",
              "actions": [
                "CloudFunctionAction::\"invoke\""
              ]
            }
          ]
        }
      }
    },
    {
      "type": "Celest::CloudApi",
      "id": "api_auth_constant_variables",
      "cloudApi": {
        "name": "api_auth_constant_variables",
        "policy": {
          "statements": [
            {
              "grantee": "Celest::Role::$public",
              "actions": [
                "CloudFunctionAction::\"invoke\""
              ]
            }
          ]
        }
      }
    },
    {
      "type": "Celest::CloudApi",
      "id": "authenticated_api",
      "cloudApi": {
        "name": "authenticated_api",
        "policy": {
          "statements": [
            {
              "grantee": "Celest::Role::$authenticated",
              "actions": [
                "CloudFunctionAction::\"invoke\""
              ]
            }
          ]
        }
      }
    },
    {
      "type": "Celest::CloudApi",
      "id": "authenticated_function",
      "cloudApi": {
        "name": "authenticated_function"
      }
    },
    {
      "type": "Celest::CloudApi",
      "id": "classes",
      "cloudApi": {
        "name": "classes"
      }
    },
    {
      "type": "Celest::CloudApi",
      "id": "exceptions",
      "cloudApi": {
        "name": "exceptions"
      }
    },
    {
      "type": "Celest::CloudApi",
      "id": "generic_wrappers",
      "cloudApi": {
        "name": "generic_wrappers"
      }
    },
    {
      "type": "Celest::CloudApi",
      "id": "middleware",
      "cloudApi": {
        "name": "middleware"
      }
    },
    {
      "type": "Celest::CloudApi",
      "id": "parameter_types",
      "cloudApi": {
        "name": "parameter_types"
      }
    },
    {
      "type": "Celest::CloudApi",
      "id": "parameters",
      "cloudApi": {
        "name": "parameters"
      }
    },
    {
      "type": "Celest::CloudApi",
      "id": "records",
      "cloudApi": {
        "name": "records"
      }
    },
    {
      "type": "Celest::CloudApi",
      "id": "return_types",
      "cloudApi": {
        "name": "return_types"
      }
    },
    {
      "type": "Celest::CloudFunction",
      "id": "anonymous_api.sayHello",
      "cloudFunction": {
        "name": "sayHello",
        "apiName": "anonymous_api"
      }
    },
    {
      "type": "Celest::CloudFunction",
      "id": "anonymous_api.sayHelloAuthenticated",
      "cloudFunction": {
        "name": "sayHelloAuthenticated",
        "apiName": "anonymous_api",
        "policy": {
          "statements": [
            {
              "grantee": "Celest::Role::$authenticated",
              "actions": [
                "CloudFunctionAction::\"invoke\""
              ]
            }
          ]
        }
      }
    },
    {
      "type": "Celest::CloudFunction",
      "id": "anonymous_function.sayHello",
      "cloudFunction": {
        "name": "sayHello",
        "apiName": "anonymous_function",
        "policy": {
          "statements": [
            {
              "grantee": "Celest::Role::$public",
              "actions": [
                "CloudFunctionAction::\"invoke\""
              ]
            }
          ]
        }
      }
    },
    {
      "type": "Celest::CloudFunction",
      "id": "anonymous_function.sayHelloAuthenticated",
      "cloudFunction": {
        "name": "sayHelloAuthenticated",
        "apiName": "anonymous_function"
      }
    },
    {
      "type": "Celest::CloudFunction",
      "id": "api_auth_constant_variables.sayHello",
      "cloudFunction": {
        "name": "sayHello",
        "apiName": "api_auth_constant_variables"
      }
    },
    {
      "type": "Celest::CloudFunction",
      "id": "api_auth_constant_variables.sayHelloAuthenticated",
      "cloudFunction": {
        "name": "sayHelloAuthenticated",
        "apiName": "api_auth_constant_variables",
        "policy": {
          "statements": [
            {
              "grantee": "Celest::Role::$authenticated",
              "actions": [
                "CloudFunctionAction::\"invoke\""
              ]
            }
          ]
        }
      }
    },
    {
      "type": "Celest::CloudFunction",
      "id": "authenticated_api.sayGoodbyeAuthenticated",
      "cloudFunction": {
        "name": "sayGoodbyeAuthenticated",
        "apiName": "authenticated_api"
      }
    },
    {
      "type": "Celest::CloudFunction",
      "id": "authenticated_api.sayHelloAuthenticated",
      "cloudFunction": {
        "name": "sayHelloAuthenticated",
        "apiName": "authenticated_api"
      }
    },
    {
      "type": "Celest::CloudFunction",
      "id": "authenticated_function.sayHello",
      "cloudFunction": {
        "name": "sayHello",
        "apiName": "authenticated_function"
      }
    },
    {
      "type": "Celest::CloudFunction",
      "id": "authenticated_function.sayHelloAuthenticated",
      "cloudFunction": {
        "name": "sayHelloAuthenticated",
        "apiName": "authenticated_function",
        "policy": {
          "statements": [
            {
              "grantee": "Celest::Role::$authenticated",
              "actions": [
                "CloudFunctionAction::\"invoke\""
              ]
            }
          ]
        }
      }
    },
    {
      "type": "Celest::CloudFunction",
      "id": "classes.asyncDefaultValues",
      "cloudFunction": {
        "name": "asyncDefaultValues",
        "apiName": "classes"
      }
    },
    {
      "type": "Celest::CloudFunction",
      "id": "classes.asyncEmpty",
      "cloudFunction": {
        "name": "asyncEmpty",
        "apiName": "classes"
      }
    },
    {
      "type": "Celest::CloudFunction",
      "id": "classes.asyncEmptySuper",
      "cloudFunction": {
        "name": "asyncEmptySuper",
        "apiName": "classes"
      }
    },
    {
      "type": "Celest::CloudFunction",
      "id": "classes.asyncFields",
      "cloudFunction": {
        "name": "asyncFields",
        "apiName": "classes"
      }
    },
    {
      "type": "Celest::CloudFunction",
      "id": "classes.asyncFromAndToJson",
      "cloudFunction": {
        "name": "asyncFromAndToJson",
        "apiName": "classes"
      }
    },
    {
      "type": "Celest::CloudFunction",
      "id": "classes.asyncMixedFields",
      "cloudFunction": {
        "name": "asyncMixedFields",
        "apiName": "classes"
      }
    },
    {
      "type": "Celest::CloudFunction",
      "id": "classes.asyncNamedFields",
      "cloudFunction": {
        "name": "asyncNamedFields",
        "apiName": "classes"
      }
    },
    {
      "type": "Celest::CloudFunction",
      "id": "classes.asyncNestedClass",
      "cloudFunction": {
        "name": "asyncNestedClass",
        "apiName": "classes"
      }
    },
    {
      "type": "Celest::CloudFunction",
      "id": "classes.asyncNonMapFromAndToJson",
      "cloudFunction": {
        "name": "asyncNonMapFromAndToJson",
        "apiName": "classes"
      }
    },
    {
      "type": "Celest::CloudFunction",
      "id": "classes.asyncNonMapToJson",
      "cloudFunction": {
        "name": "asyncNonMapToJson",
        "apiName": "classes"
      }
    },
    {
      "type": "Celest::CloudFunction",
      "id": "classes.asyncNonMapToJsonWithDefaults",
      "cloudFunction": {
        "name": "asyncNonMapToJsonWithDefaults",
        "apiName": "classes"
      }
    },
    {
      "type": "Celest::CloudFunction",
      "id": "classes.asyncNullableFields",
      "cloudFunction": {
        "name": "asyncNullableFields",
        "apiName": "classes"
      }
    },
    {
      "type": "Celest::CloudFunction",
      "id": "classes.asyncOnlyFromJson",
      "cloudFunction": {
        "name": "asyncOnlyFromJson",
        "apiName": "classes"
      }
    },
    {
      "type": "Celest::CloudFunction",
      "id": "classes.asyncOnlyToJson",
      "cloudFunction": {
        "name": "asyncOnlyToJson",
        "apiName": "classes"
      }
    },
    {
      "type": "Celest::CloudFunction",
      "id": "classes.asyncOnlyToJsonWithDefaults",
      "cloudFunction": {
        "name": "asyncOnlyToJsonWithDefaults",
        "apiName": "classes"
      }
    },
    {
      "type": "Celest::CloudFunction",
      "id": "classes.asyncSuperFields",
      "cloudFunction": {
        "name": "asyncSuperFields",
        "apiName": "classes"
      }
    },
    {
      "type": "Celest::CloudFunction",
      "id": "classes.defaultValues",
      "cloudFunction": {
        "name": "defaultValues",
        "apiName": "classes"
      }
    },
    {
      "type": "Celest::CloudFunction",
      "id": "classes.empty",
      "cloudFunction": {
        "name": "empty",
        "apiName": "classes"
      }
    },
    {
      "type": "Celest::CloudFunction",
      "id": "classes.emptySuper",
      "cloudFunction": {
        "name": "emptySuper",
        "apiName": "classes"
      }
    },
    {
      "type": "Celest::CloudFunction",
      "id": "classes.fields",
      "cloudFunction": {
        "name": "fields",
        "apiName": "classes"
      }
    },
    {
      "type": "Celest::CloudFunction",
      "id": "classes.fromAndToJson",
      "cloudFunction": {
        "name": "fromAndToJson",
        "apiName": "classes"
      }
    },
    {
      "type": "Celest::CloudFunction",
      "id": "classes.mixedFields",
      "cloudFunction": {
        "name": "mixedFields",
        "apiName": "classes"
      }
    },
    {
      "type": "Celest::CloudFunction",
      "id": "classes.namedFields",
      "cloudFunction": {
        "name": "namedFields",
        "apiName": "classes"
      }
    },
    {
      "type": "Celest::CloudFunction",
      "id": "classes.nestedClass",
      "cloudFunction": {
        "name": "nestedClass",
        "apiName": "classes"
      }
    },
    {
      "type": "Celest::CloudFunction",
      "id": "classes.nonMapFromAndToJson",
      "cloudFunction": {
        "name": "nonMapFromAndToJson",
        "apiName": "classes"
      }
    },
    {
      "type": "Celest::CloudFunction",
      "id": "classes.nonMapToJson",
      "cloudFunction": {
        "name": "nonMapToJson",
        "apiName": "classes"
      }
    },
    {
      "type": "Celest::CloudFunction",
      "id": "classes.nonMapToJsonWithDefaults",
      "cloudFunction": {
        "name": "nonMapToJsonWithDefaults",
        "apiName": "classes"
      }
    },
    {
      "type": "Celest::CloudFunction",
      "id": "classes.nullableFields",
      "cloudFunction": {
        "name": "nullableFields",
        "apiName": "classes"
      }
    },
    {
      "type": "Celest::CloudFunction",
      "id": "classes.onlyFromJson",
      "cloudFunction": {
        "name": "onlyFromJson",
        "apiName": "classes"
      }
    },
    {
      "type": "Celest::CloudFunction",
      "id": "classes.onlyToJson",
      "cloudFunction": {
        "name": "onlyToJson",
        "apiName": "classes"
      }
    },
    {
      "type": "Celest::CloudFunction",
      "id": "classes.onlyToJsonWithDefaults",
      "cloudFunction": {
        "name": "onlyToJsonWithDefaults",
        "apiName": "classes"
      }
    },
    {
      "type": "Celest::CloudFunction",
      "id": "classes.superFields",
      "cloudFunction": {
        "name": "superFields",
        "apiName": "classes"
      }
    },
    {
      "type": "Celest::CloudFunction",
      "id": "exceptions.throwsCustomError",
      "cloudFunction": {
        "name": "throwsCustomError",
        "apiName": "exceptions"
      }
    },
    {
      "type": "Celest::CloudFunction",
      "id": "exceptions.throwsCustomErrorToFromJson",
      "cloudFunction": {
        "name": "throwsCustomErrorToFromJson",
        "apiName": "exceptions"
      }
    },
    {
      "type": "Celest::CloudFunction",
      "id": "exceptions.throwsCustomErrorWithStackTrace",
      "cloudFunction": {
        "name": "throwsCustomErrorWithStackTrace",
        "apiName": "exceptions"
      }
    },
    {
      "type": "Celest::CloudFunction",
      "id": "exceptions.throwsCustomException",
      "cloudFunction": {
        "name": "throwsCustomException",
        "apiName": "exceptions"
      }
    },
    {
      "type": "Celest::CloudFunction",
      "id": "exceptions.throwsCustomExceptionToFromJson",
      "cloudFunction": {
        "name": "throwsCustomExceptionToFromJson",
        "apiName": "exceptions"
      }
    },
    {
      "type": "Celest::CloudFunction",
      "id": "exceptions.throwsError",
      "cloudFunction": {
        "name": "throwsError",
        "apiName": "exceptions"
      }
    },
    {
      "type": "Celest::CloudFunction",
      "id": "exceptions.throwsException",
      "cloudFunction": {
        "name": "throwsException",
        "apiName": "exceptions"
      }
    },
    {
      "type": "Celest::CloudFunction",
      "id": "generic_wrappers.genericWrapperParameters",
      "cloudFunction": {
        "name": "genericWrapperParameters",
        "apiName": "generic_wrappers"
      }
    },
    {
      "type": "Celest::CloudFunction",
      "id": "generic_wrappers.genericWrappers",
      "cloudFunction": {
        "name": "genericWrappers",
        "apiName": "generic_wrappers"
      }
    },
    {
      "type": "Celest::CloudFunction",
      "id": "generic_wrappers.genericWrappersAsync",
      "cloudFunction": {
        "name": "genericWrappersAsync",
        "apiName": "generic_wrappers"
      }
    },
    {
      "type": "Celest::CloudFunction",
      "id": "middleware.sayHello",
      "cloudFunction": {
        "name": "sayHello",
        "apiName": "middleware"
      }
    },
    {
      "type": "Celest::CloudFunction",
      "id": "parameter_types.complex",
      "cloudFunction": {
        "name": "complex",
        "apiName": "parameter_types"
      }
    },
    {
      "type": "Celest::CloudFunction",
      "id": "parameter_types.simple",
      "cloudFunction": {
        "name": "simple",
        "apiName": "parameter_types"
      }
    },
    {
      "type": "Celest::CloudFunction",
      "id": "parameter_types.simpleOptional",
      "cloudFunction": {
        "name": "simpleOptional",
        "apiName": "parameter_types"
      }
    },
    {
      "type": "Celest::CloudFunction",
      "id": "parameters.optionalNamed",
      "cloudFunction": {
        "name": "optionalNamed",
        "apiName": "parameters"
      }
    },
    {
      "type": "Celest::CloudFunction",
      "id": "parameters.optionalPositional",
      "cloudFunction": {
        "name": "optionalPositional",
        "apiName": "parameters"
      }
    },
    {
      "type": "Celest::CloudFunction",
      "id": "parameters.requiredNamed",
      "cloudFunction": {
        "name": "requiredNamed",
        "apiName": "parameters"
      }
    },
    {
      "type": "Celest::CloudFunction",
      "id": "parameters.requiredPositional",
      "cloudFunction": {
        "name": "requiredPositional",
        "apiName": "parameters"
      }
    },
    {
      "type": "Celest::CloudFunction",
      "id": "records.aliasedMixedFields",
      "cloudFunction": {
        "name": "aliasedMixedFields",
        "apiName": "records"
      }
    },
    {
      "type": "Celest::CloudFunction",
      "id": "records.aliasedNamedFields",
      "cloudFunction": {
        "name": "aliasedNamedFields",
        "apiName": "records"
      }
    },
    {
      "type": "Celest::CloudFunction",
      "id": "records.aliasedPositionalFields",
      "cloudFunction": {
        "name": "aliasedPositionalFields",
        "apiName": "records"
      }
    },
    {
      "type": "Celest::CloudFunction",
      "id": "records.asyncAliasedMixedFields",
      "cloudFunction": {
        "name": "asyncAliasedMixedFields",
        "apiName": "records"
      }
    },
    {
      "type": "Celest::CloudFunction",
      "id": "records.asyncAliasedNamedFields",
      "cloudFunction": {
        "name": "asyncAliasedNamedFields",
        "apiName": "records"
      }
    },
    {
      "type": "Celest::CloudFunction",
      "id": "records.asyncAliasedPositionalFields",
      "cloudFunction": {
        "name": "asyncAliasedPositionalFields",
        "apiName": "records"
      }
    },
    {
      "type": "Celest::CloudFunction",
      "id": "records.asyncMixedFields",
      "cloudFunction": {
        "name": "asyncMixedFields",
        "apiName": "records"
      }
    },
    {
      "type": "Celest::CloudFunction",
      "id": "records.asyncNamedFields",
      "cloudFunction": {
        "name": "asyncNamedFields",
        "apiName": "records"
      }
    },
    {
      "type": "Celest::CloudFunction",
      "id": "records.asyncNested",
      "cloudFunction": {
        "name": "asyncNested",
        "apiName": "records"
      }
    },
    {
      "type": "Celest::CloudFunction",
      "id": "records.asyncNonAliasedMixedFields",
      "cloudFunction": {
        "name": "asyncNonAliasedMixedFields",
        "apiName": "records"
      }
    },
    {
      "type": "Celest::CloudFunction",
      "id": "records.asyncNonAliasedNamedFields",
      "cloudFunction": {
        "name": "asyncNonAliasedNamedFields",
        "apiName": "records"
      }
    },
    {
      "type": "Celest::CloudFunction",
      "id": "records.asyncNonAliasedPositionalFields",
      "cloudFunction": {
        "name": "asyncNonAliasedPositionalFields",
        "apiName": "records"
      }
    },
    {
      "type": "Celest::CloudFunction",
      "id": "records.asyncNullableNested",
      "cloudFunction": {
        "name": "asyncNullableNested",
        "apiName": "records"
      }
    },
    {
      "type": "Celest::CloudFunction",
      "id": "records.asyncPositionalFields",
      "cloudFunction": {
        "name": "asyncPositionalFields",
        "apiName": "records"
      }
    },
    {
      "type": "Celest::CloudFunction",
      "id": "records.mixedFields",
      "cloudFunction": {
        "name": "mixedFields",
        "apiName": "records"
      }
    },
    {
      "type": "Celest::CloudFunction",
      "id": "records.namedFields",
      "cloudFunction": {
        "name": "namedFields",
        "apiName": "records"
      }
    },
    {
      "type": "Celest::CloudFunction",
      "id": "records.nested",
      "cloudFunction": {
        "name": "nested",
        "apiName": "records"
      }
    },
    {
      "type": "Celest::CloudFunction",
      "id": "records.nonAliasedMixedFields",
      "cloudFunction": {
        "name": "nonAliasedMixedFields",
        "apiName": "records"
      }
    },
    {
      "type": "Celest::CloudFunction",
      "id": "records.nonAliasedNamedFields",
      "cloudFunction": {
        "name": "nonAliasedNamedFields",
        "apiName": "records"
      }
    },
    {
      "type": "Celest::CloudFunction",
      "id": "records.nonAliasedPositionalFields",
      "cloudFunction": {
        "name": "nonAliasedPositionalFields",
        "apiName": "records"
      }
    },
    {
      "type": "Celest::CloudFunction",
      "id": "records.nullableNested",
      "cloudFunction": {
        "name": "nullableNested",
        "apiName": "records"
      }
    },
    {
      "type": "Celest::CloudFunction",
      "id": "records.positionalFields",
      "cloudFunction": {
        "name": "positionalFields",
        "apiName": "records"
      }
    },
    {
      "type": "Celest::CloudFunction",
      "id": "return_types.asyncBoolReturn",
      "cloudFunction": {
        "name": "asyncBoolReturn",
        "apiName": "return_types"
      }
    },
    {
      "type": "Celest::CloudFunction",
      "id": "return_types.asyncClassReturnNullable",
      "cloudFunction": {
        "name": "asyncClassReturnNullable",
        "apiName": "return_types"
      }
    },
    {
      "type": "Celest::CloudFunction",
      "id": "return_types.asyncComplexClassReturn",
      "cloudFunction": {
        "name": "asyncComplexClassReturn",
        "apiName": "return_types"
      }
    },
    {
      "type": "Celest::CloudFunction",
      "id": "return_types.asyncComplexStructReturn",
      "cloudFunction": {
        "name": "asyncComplexStructReturn",
        "apiName": "return_types"
      }
    },
    {
      "type": "Celest::CloudFunction",
      "id": "return_types.asyncComplexStructReturnNullable",
      "cloudFunction": {
        "name": "asyncComplexStructReturnNullable",
        "apiName": "return_types"
      }
    },
    {
      "type": "Celest::CloudFunction",
      "id": "return_types.asyncDoubleReturn",
      "cloudFunction": {
        "name": "asyncDoubleReturn",
        "apiName": "return_types"
      }
    },
    {
      "type": "Celest::CloudFunction",
      "id": "return_types.asyncIntReturn",
      "cloudFunction": {
        "name": "asyncIntReturn",
        "apiName": "return_types"
      }
    },
    {
      "type": "Celest::CloudFunction",
      "id": "return_types.asyncIterableReturn",
      "cloudFunction": {
        "name": "asyncIterableReturn",
        "apiName": "return_types"
      }
    },
    {
      "type": "Celest::CloudFunction",
      "id": "return_types.asyncListReturn",
      "cloudFunction": {
        "name": "asyncListReturn",
        "apiName": "return_types"
      }
    },
    {
      "type": "Celest::CloudFunction",
      "id": "return_types.asyncMapReturn",
      "cloudFunction": {
        "name": "asyncMapReturn",
        "apiName": "return_types"
      }
    },
    {
      "type": "Celest::CloudFunction",
      "id": "return_types.asyncOrBoolReturn",
      "cloudFunction": {
        "name": "asyncOrBoolReturn",
        "apiName": "return_types"
      }
    },
    {
      "type": "Celest::CloudFunction",
      "id": "return_types.asyncOrBoolReturnNullable",
      "cloudFunction": {
        "name": "asyncOrBoolReturnNullable",
        "apiName": "return_types"
      }
    },
    {
      "type": "Celest::CloudFunction",
      "id": "return_types.asyncOrComplexClassReturnNullable",
      "cloudFunction": {
        "name": "asyncOrComplexClassReturnNullable",
        "apiName": "return_types"
      }
    },
    {
      "type": "Celest::CloudFunction",
      "id": "return_types.asyncOrComplexStructReturn",
      "cloudFunction": {
        "name": "asyncOrComplexStructReturn",
        "apiName": "return_types"
      }
    },
    {
      "type": "Celest::CloudFunction",
      "id": "return_types.asyncOrComplexStructReturnNullable",
      "cloudFunction": {
        "name": "asyncOrComplexStructReturnNullable",
        "apiName": "return_types"
      }
    },
    {
      "type": "Celest::CloudFunction",
      "id": "return_types.asyncOrDoubleReturn",
      "cloudFunction": {
        "name": "asyncOrDoubleReturn",
        "apiName": "return_types"
      }
    },
    {
      "type": "Celest::CloudFunction",
      "id": "return_types.asyncOrDoubleReturnNullable",
      "cloudFunction": {
        "name": "asyncOrDoubleReturnNullable",
        "apiName": "return_types"
      }
    },
    {
      "type": "Celest::CloudFunction",
      "id": "return_types.asyncOrIntReturn",
      "cloudFunction": {
        "name": "asyncOrIntReturn",
        "apiName": "return_types"
      }
    },
    {
      "type": "Celest::CloudFunction",
      "id": "return_types.asyncOrIntReturnNullable",
      "cloudFunction": {
        "name": "asyncOrIntReturnNullable",
        "apiName": "return_types"
      }
    },
    {
      "type": "Celest::CloudFunction",
      "id": "return_types.asyncOrIterableReturn",
      "cloudFunction": {
        "name": "asyncOrIterableReturn",
        "apiName": "return_types"
      }
    },
    {
      "type": "Celest::CloudFunction",
      "id": "return_types.asyncOrIterableReturnNullable",
      "cloudFunction": {
        "name": "asyncOrIterableReturnNullable",
        "apiName": "return_types"
      }
    },
    {
      "type": "Celest::CloudFunction",
      "id": "return_types.asyncOrListReturn",
      "cloudFunction": {
        "name": "asyncOrListReturn",
        "apiName": "return_types"
      }
    },
    {
      "type": "Celest::CloudFunction",
      "id": "return_types.asyncOrListReturnNullable",
      "cloudFunction": {
        "name": "asyncOrListReturnNullable",
        "apiName": "return_types"
      }
    },
    {
      "type": "Celest::CloudFunction",
      "id": "return_types.asyncOrMapReturn",
      "cloudFunction": {
        "name": "asyncOrMapReturn",
        "apiName": "return_types"
      }
    },
    {
      "type": "Celest::CloudFunction",
      "id": "return_types.asyncOrMapReturnNullable",
      "cloudFunction": {
        "name": "asyncOrMapReturnNullable",
        "apiName": "return_types"
      }
    },
    {
      "type": "Celest::CloudFunction",
      "id": "return_types.asyncOrSimpleClassReturnNullable",
      "cloudFunction": {
        "name": "asyncOrSimpleClassReturnNullable",
        "apiName": "return_types"
      }
    },
    {
      "type": "Celest::CloudFunction",
      "id": "return_types.asyncOrStringReturn",
      "cloudFunction": {
        "name": "asyncOrStringReturn",
        "apiName": "return_types"
      }
    },
    {
      "type": "Celest::CloudFunction",
      "id": "return_types.asyncOrStringReturnNullable",
      "cloudFunction": {
        "name": "asyncOrStringReturnNullable",
        "apiName": "return_types"
      }
    },
    {
      "type": "Celest::CloudFunction",
      "id": "return_types.asyncOrStructReturn",
      "cloudFunction": {
        "name": "asyncOrStructReturn",
        "apiName": "return_types"
      }
    },
    {
      "type": "Celest::CloudFunction",
      "id": "return_types.asyncOrStructReturnNullable",
      "cloudFunction": {
        "name": "asyncOrStructReturnNullable",
        "apiName": "return_types"
      }
    },
    {
      "type": "Celest::CloudFunction",
      "id": "return_types.asyncOrVoidReturn",
      "cloudFunction": {
        "name": "asyncOrVoidReturn",
        "apiName": "return_types"
      }
    },
    {
      "type": "Celest::CloudFunction",
      "id": "return_types.asyncOrVoidReturnNullable",
      "cloudFunction": {
        "name": "asyncOrVoidReturnNullable",
        "apiName": "return_types"
      }
    },
    {
      "type": "Celest::CloudFunction",
      "id": "return_types.asyncStringReturn",
      "cloudFunction": {
        "name": "asyncStringReturn",
        "apiName": "return_types"
      }
    },
    {
      "type": "Celest::CloudFunction",
      "id": "return_types.asyncStructReturn",
      "cloudFunction": {
        "name": "asyncStructReturn",
        "apiName": "return_types"
      }
    },
    {
      "type": "Celest::CloudFunction",
      "id": "return_types.asyncStructReturnNullable",
      "cloudFunction": {
        "name": "asyncStructReturnNullable",
        "apiName": "return_types"
      }
    },
    {
      "type": "Celest::CloudFunction",
      "id": "return_types.asyncVoidReturn",
      "cloudFunction": {
        "name": "asyncVoidReturn",
        "apiName": "return_types"
      }
    },
    {
      "type": "Celest::CloudFunction",
      "id": "return_types.boolReturn",
      "cloudFunction": {
        "name": "boolReturn",
        "apiName": "return_types"
      }
    },
    {
      "type": "Celest::CloudFunction",
      "id": "return_types.boolReturnNullable",
      "cloudFunction": {
        "name": "boolReturnNullable",
        "apiName": "return_types"
      }
    },
    {
      "type": "Celest::CloudFunction",
      "id": "return_types.complexClassReturn",
      "cloudFunction": {
        "name": "complexClassReturn",
        "apiName": "return_types"
      }
    },
    {
      "type": "Celest::CloudFunction",
      "id": "return_types.complexClassReturnNullable",
      "cloudFunction": {
        "name": "complexClassReturnNullable",
        "apiName": "return_types"
      }
    },
    {
      "type": "Celest::CloudFunction",
      "id": "return_types.complexReturn",
      "cloudFunction": {
        "name": "complexReturn",
        "apiName": "return_types"
      }
    },
    {
      "type": "Celest::CloudFunction",
      "id": "return_types.complexReturnNullable",
      "cloudFunction": {
        "name": "complexReturnNullable",
        "apiName": "return_types"
      }
    },
    {
      "type": "Celest::CloudFunction",
      "id": "return_types.doubleReturn",
      "cloudFunction": {
        "name": "doubleReturn",
        "apiName": "return_types"
      }
    },
    {
      "type": "Celest::CloudFunction",
      "id": "return_types.doubleReturnNullable",
      "cloudFunction": {
        "name": "doubleReturnNullable",
        "apiName": "return_types"
      }
    },
    {
      "type": "Celest::CloudFunction",
      "id": "return_types.intReturn",
      "cloudFunction": {
        "name": "intReturn",
        "apiName": "return_types"
      }
    },
    {
      "type": "Celest::CloudFunction",
      "id": "return_types.intReturnNullable",
      "cloudFunction": {
        "name": "intReturnNullable",
        "apiName": "return_types"
      }
    },
    {
      "type": "Celest::CloudFunction",
      "id": "return_types.iterableReturn",
      "cloudFunction": {
        "name": "iterableReturn",
        "apiName": "return_types"
      }
    },
    {
      "type": "Celest::CloudFunction",
      "id": "return_types.iterableReturnNullable",
      "cloudFunction": {
        "name": "iterableReturnNullable",
        "apiName": "return_types"
      }
    },
    {
      "type": "Celest::CloudFunction",
      "id": "return_types.listReturn",
      "cloudFunction": {
        "name": "listReturn",
        "apiName": "return_types"
      }
    },
    {
      "type": "Celest::CloudFunction",
      "id": "return_types.listReturnNullable",
      "cloudFunction": {
        "name": "listReturnNullable",
        "apiName": "return_types"
      }
    },
    {
      "type": "Celest::CloudFunction",
      "id": "return_types.mapReturn",
      "cloudFunction": {
        "name": "mapReturn",
        "apiName": "return_types"
      }
    },
    {
      "type": "Celest::CloudFunction",
      "id": "return_types.mapReturnNullable",
      "cloudFunction": {
        "name": "mapReturnNullable",
        "apiName": "return_types"
      }
    },
    {
      "type": "Celest::CloudFunction",
      "id": "return_types.simpleClassReturn",
      "cloudFunction": {
        "name": "simpleClassReturn",
        "apiName": "return_types"
      }
    },
    {
      "type": "Celest::CloudFunction",
      "id": "return_types.simpleClassReturnNullable",
      "cloudFunction": {
        "name": "simpleClassReturnNullable",
        "apiName": "return_types"
      }
    },
    {
      "type": "Celest::CloudFunction",
      "id": "return_types.stringReturn",
      "cloudFunction": {
        "name": "stringReturn",
        "apiName": "return_types"
      }
    },
    {
      "type": "Celest::CloudFunction",
      "id": "return_types.stringReturnNullable",
      "cloudFunction": {
        "name": "stringReturnNullable",
        "apiName": "return_types"
      }
    },
    {
      "type": "Celest::CloudFunction",
      "id": "return_types.structReturn",
      "cloudFunction": {
        "name": "structReturn",
        "apiName": "return_types"
      }
    },
    {
      "type": "Celest::CloudFunction",
      "id": "return_types.structReturnNullable",
      "cloudFunction": {
        "name": "structReturnNullable",
        "apiName": "return_types"
      }
    },
    {
      "type": "Celest::CloudFunction",
      "id": "return_types.voidReturn",
      "cloudFunction": {
        "name": "voidReturn",
        "apiName": "return_types"
      }
    }
  ]
}