{
  "name": "marcelo",
  "reference": {
    "$": "Reference",
    "symbol": "project",
    "url": "project:project.dart"
  },
  "apis": {
    "exceptions": {
      "name": "exceptions",
      "metadata": [],
      "functions": {
        "throwsUserException": {
          "name": "throwsUserException",
          "apiName": "exceptions",
          "typeParameters": [],
          "parameters": [
            {
              "name": "cause",
              "type": {
                "$": "TypeReference",
                "symbol": "JsonValue",
                "url": "package:celest_core/src/serialization/json_value.dart",
                "isNullable": true
              },
              "required": false,
              "named": true,
              "location": {
                "start": {
                  "offset": 281,
                  "uri": "exceptions.dart",
                  "line": 8,
                  "column": 13
                },
                "end": {
                  "offset": 286,
                  "uri": "exceptions.dart",
                  "line": 8,
                  "column": 18
                },
                "text": "cause"
              }
            }
          ],
          "returnType": {
            "$": "Reference",
            "symbol": "void",
            "url": "dart:core"
          },
          "flattenedReturnType": {
            "$": "Reference",
            "symbol": "void",
            "url": "dart:core"
          },
          "metadata": [],
          "docs": [],
          "location": {
            "start": {
              "offset": 246,
              "uri": "exceptions.dart",
              "line": 7,
              "column": 5
            },
            "end": {
              "offset": 265,
              "uri": "exceptions.dart",
              "line": 7,
              "column": 24
            },
            "text": "throwsUserException"
          }
        },
        "callsThrowsUserException": {
          "name": "callsThrowsUserException",
          "apiName": "exceptions",
          "typeParameters": [],
          "parameters": [
            {
              "name": "cause",
              "type": {
                "$": "TypeReference",
                "symbol": "JsonValue",
                "url": "package:celest_core/src/serialization/json_value.dart",
                "isNullable": true
              },
              "required": false,
              "named": true,
              "location": {
                "start": {
                  "offset": 396,
                  "uri": "exceptions.dart",
                  "line": 15,
                  "column": 13
                },
                "end": {
                  "offset": 401,
                  "uri": "exceptions.dart",
                  "line": 15,
                  "column": 18
                },
                "text": "cause"
              }
            }
          ],
          "returnType": {
            "$": "Reference",
            "symbol": "void",
            "url": "dart:core"
          },
          "flattenedReturnType": {
            "$": "Reference",
            "symbol": "void",
            "url": "dart:core"
          },
          "metadata": [],
          "docs": [],
          "location": {
            "start": {
              "offset": 356,
              "uri": "exceptions.dart",
              "line": 14,
              "column": 5
            },
            "end": {
              "offset": 380,
              "uri": "exceptions.dart",
              "line": 14,
              "column": 29
            },
            "text": "callsThrowsUserException"
          }
        },
        "throwsAppError": {
          "name": "throwsAppError",
          "apiName": "exceptions",
          "typeParameters": [],
          "parameters": [
            {
              "name": "message",
              "type": {
                "$": "TypeReference",
                "symbol": "String",
                "url": "dart:core",
                "isNullable": false
              },
              "required": false,
              "named": true,
              "location": {
                "start": {
                  "offset": 486,
                  "uri": "exceptions.dart",
                  "line": 22,
                  "column": 9
                },
                "end": {
                  "offset": 493,
                  "uri": "exceptions.dart",
                  "line": 22,
                  "column": 16
                },
                "text": "message"
              }
            },
            {
              "name": "error",
              "type": {
                "$": "TypeReference",
                "symbol": "JsonValue",
                "url": "package:celest_core/src/serialization/json_value.dart",
                "isNullable": true
              },
              "required": false,
              "named": true,
              "location": {
                "start": {
                  "offset": 520,
                  "uri": "exceptions.dart",
                  "line": 23,
                  "column": 13
                },
                "end": {
                  "offset": 525,
                  "uri": "exceptions.dart",
                  "line": 23,
                  "column": 18
                },
                "text": "error"
              }
            }
          ],
          "returnType": {
            "$": "Reference",
            "symbol": "void",
            "url": "dart:core"
          },
          "flattenedReturnType": {
            "$": "Reference",
            "symbol": "void",
            "url": "dart:core"
          },
          "metadata": [],
          "docs": [],
          "location": {
            "start": {
              "offset": 460,
              "uri": "exceptions.dart",
              "line": 21,
              "column": 5
            },
            "end": {
              "offset": 474,
              "uri": "exceptions.dart",
              "line": 21,
              "column": 19
            },
            "text": "throwsAppError"
          }
        },
        "throwsAppException": {
          "name": "throwsAppException",
          "apiName": "exceptions",
          "typeParameters": [],
          "parameters": [],
          "returnType": {
            "$": "Reference",
            "symbol": "void",
            "url": "dart:core"
          },
          "flattenedReturnType": {
            "$": "Reference",
            "symbol": "void",
            "url": "dart:core"
          },
          "metadata": [],
          "docs": [],
          "location": {
            "start": {
              "offset": 581,
              "uri": "exceptions.dart",
              "line": 29,
              "column": 5
            },
            "end": {
              "offset": 599,
              "uri": "exceptions.dart",
              "line": 29,
              "column": 23
            },
            "text": "throwsAppException"
          }
        },
        "throwsNotYetImplementedError": {
          "name": "throwsNotYetImplementedError",
          "apiName": "exceptions",
          "typeParameters": [],
          "parameters": [],
          "returnType": {
            "$": "Reference",
            "symbol": "void",
            "url": "dart:core"
          },
          "flattenedReturnType": {
            "$": "Reference",
            "symbol": "void",
            "url": "dart:core"
          },
          "metadata": [],
          "docs": [],
          "location": {
            "start": {
              "offset": 684,
              "uri": "exceptions.dart",
              "line": 34,
              "column": 5
            },
            "end": {
              "offset": 712,
              "uri": "exceptions.dart",
              "line": 34,
              "column": 33
            },
            "text": "throwsNotYetImplementedError"
          }
        },
        "throwsValidateError": {
          "name": "throwsValidateError",
          "apiName": "exceptions",
          "typeParameters": [],
          "parameters": [],
          "returnType": {
            "$": "Reference",
            "symbol": "void",
            "url": "dart:core"
          },
          "flattenedReturnType": {
            "$": "Reference",
            "symbol": "void",
            "url": "dart:core"
          },
          "metadata": [],
          "docs": [],
          "location": {
            "start": {
              "offset": 775,
              "uri": "exceptions.dart",
              "line": 39,
              "column": 5
            },
            "end": {
              "offset": 794,
              "uri": "exceptions.dart",
              "line": 39,
              "column": 24
            },
            "text": "throwsValidateError"
          }
        },
        "throwsUserException_ShowInConsole": {
          "name": "throwsUserException_ShowInConsole",
          "apiName": "exceptions",
          "typeParameters": [],
          "parameters": [
            {
              "name": "message",
              "type": {
                "$": "TypeReference",
                "symbol": "String",
                "url": "dart:core",
                "isNullable": false
              },
              "required": false,
              "named": true,
              "location": {
                "start": {
                  "offset": 893,
                  "uri": "exceptions.dart",
                  "line": 45,
                  "column": 9
                },
                "end": {
                  "offset": 900,
                  "uri": "exceptions.dart",
                  "line": 45,
                  "column": 16
                },
                "text": "message"
              }
            },
            {
              "name": "cause",
              "type": {
                "$": "TypeReference",
                "symbol": "JsonValue",
                "url": "package:celest_core/src/serialization/json_value.dart",
                "isNullable": true
              },
              "required": false,
              "named": true,
              "location": {
                "start": {
                  "offset": 927,
                  "uri": "exceptions.dart",
                  "line": 46,
                  "column": 13
                },
                "end": {
                  "offset": 932,
                  "uri": "exceptions.dart",
                  "line": 46,
                  "column": 18
                },
                "text": "cause"
              }
            }
          ],
          "returnType": {
            "$": "Reference",
            "symbol": "void",
            "url": "dart:core"
          },
          "flattenedReturnType": {
            "$": "Reference",
            "symbol": "void",
            "url": "dart:core"
          },
          "metadata": [],
          "docs": [],
          "location": {
            "start": {
              "offset": 848,
              "uri": "exceptions.dart",
              "line": 44,
              "column": 5
            },
            "end": {
              "offset": 881,
              "uri": "exceptions.dart",
              "line": 44,
              "column": 38
            },
            "text": "throwsUserException_ShowInConsole"
          }
        }
      },
      "docs": [],
      "exceptionTypes": [
        {
          "$": "TypeReference",
          "symbol": "UserException",
          "url": "package:celest_backend/exceptions/overrides.dart",
          "isNullable": false
        },
        {
          "$": "TypeReference",
          "symbol": "AppError",
          "url": "package:celest_backend/exceptions/overrides.dart",
          "isNullable": false
        },
        {
          "$": "TypeReference",
          "symbol": "AppException",
          "url": "package:celest_backend/exceptions/overrides.dart",
          "isNullable": false
        },
        {
          "$": "TypeReference",
          "symbol": "NotYetImplementedError",
          "url": "package:celest_backend/exceptions/overrides.dart",
          "isNullable": false
        },
        {
          "$": "TypeReference",
          "symbol": "ValidateError",
          "url": "package:_common/src/models/errors_and_exceptions.dart",
          "isNullable": false
        },
        {
          "$": "TypeReference",
          "symbol": "UserException_ShowInConsole",
          "url": "package:celest_backend/exceptions/overrides.dart",
          "isNullable": false
        },
        {
          "$": "TypeReference",
          "symbol": "BadRequestException",
          "url": "package:celest_core/src/exception/cloud_exception.dart",
          "isNullable": false
        },
        {
          "$": "TypeReference",
          "symbol": "UnauthorizedException",
          "url": "package:celest_core/src/exception/cloud_exception.dart",
          "isNullable": false
        },
        {
          "$": "TypeReference",
          "symbol": "InternalServerException",
          "url": "package:celest_core/src/exception/cloud_exception.dart",
          "isNullable": false
        },
        {
          "$": "TypeReference",
          "symbol": "SerializationException",
          "url": "package:celest_core/src/exception/serialization_exception.dart",
          "isNullable": false
        }
      ],
      "location": {
        "start": {
          "offset": 0,
          "uri": "exceptions.dart",
          "line": 0,
          "column": 0
        },
        "end": {
          "offset": 0,
          "uri": "exceptions.dart",
          "line": 0,
          "column": 0
        },
        "text": ""
      }
    },
    "models": {
      "name": "models",
      "metadata": [],
      "functions": {
        "availableStock": {
          "name": "availableStock",
          "apiName": "models",
          "typeParameters": [],
          "parameters": [
            {
              "name": "availableStock",
              "type": {
                "$": "TypeReference",
                "symbol": "AvailableStock",
                "url": "package:_common/src/models/available_stock.dart",
                "isNullable": false
              },
              "required": true,
              "named": false,
              "location": {
                "start": {
                  "offset": 129,
                  "uri": "models.dart",
                  "line": 4,
                  "column": 45
                },
                "end": {
                  "offset": 143,
                  "uri": "models.dart",
                  "line": 4,
                  "column": 59
                },
                "text": "availableStock"
              }
            }
          ],
          "returnType": {
            "$": "TypeReference",
            "symbol": "AvailableStock",
            "url": "package:_common/src/models/available_stock.dart",
            "isNullable": false
          },
          "flattenedReturnType": {
            "$": "TypeReference",
            "symbol": "AvailableStock",
            "url": "package:_common/src/models/available_stock.dart",
            "isNullable": false
          },
          "metadata": [],
          "docs": [],
          "location": {
            "start": {
              "offset": 99,
              "uri": "models.dart",
              "line": 4,
              "column": 15
            },
            "end": {
              "offset": 113,
              "uri": "models.dart",
              "line": 4,
              "column": 29
            },
            "text": "availableStock"
          }
        },
        "availableStocks": {
          "name": "availableStocks",
          "apiName": "models",
          "typeParameters": [],
          "parameters": [
            {
              "name": "availableStocks",
              "type": {
                "$": "TypeReference",
                "symbol": "AvailableStocks",
                "url": "package:_common/src/models/available_stocks.dart",
                "isNullable": false
              },
              "required": true,
              "named": false,
              "location": {
                "start": {
                  "offset": 219,
                  "uri": "models.dart",
                  "line": 6,
                  "column": 48
                },
                "end": {
                  "offset": 234,
                  "uri": "models.dart",
                  "line": 6,
                  "column": 63
                },
                "text": "availableStocks"
              }
            }
          ],
          "returnType": {
            "$": "TypeReference",
            "symbol": "AvailableStocks",
            "url": "package:_common/src/models/available_stocks.dart",
            "isNullable": false
          },
          "flattenedReturnType": {
            "$": "TypeReference",
            "symbol": "AvailableStocks",
            "url": "package:_common/src/models/available_stocks.dart",
            "isNullable": false
          },
          "metadata": [],
          "docs": [],
          "location": {
            "start": {
              "offset": 187,
              "uri": "models.dart",
              "line": 6,
              "column": 16
            },
            "end": {
              "offset": 202,
              "uri": "models.dart",
              "line": 6,
              "column": 31
            },
            "text": "availableStocks"
          }
        },
        "cashBalance": {
          "name": "cashBalance",
          "apiName": "models",
          "typeParameters": [],
          "parameters": [
            {
              "name": "cashBalance",
              "type": {
                "$": "TypeReference",
                "symbol": "CashBalance",
                "url": "package:_common/src/models/cash_balance.dart",
                "isNullable": false
              },
              "required": true,
              "named": false,
              "location": {
                "start": {
                  "offset": 303,
                  "uri": "models.dart",
                  "line": 9,
                  "column": 36
                },
                "end": {
                  "offset": 314,
                  "uri": "models.dart",
                  "line": 9,
                  "column": 47
                },
                "text": "cashBalance"
              }
            }
          ],
          "returnType": {
            "$": "TypeReference",
            "symbol": "CashBalance",
            "url": "package:_common/src/models/cash_balance.dart",
            "isNullable": false
          },
          "flattenedReturnType": {
            "$": "TypeReference",
            "symbol": "CashBalance",
            "url": "package:_common/src/models/cash_balance.dart",
            "isNullable": false
          },
          "metadata": [],
          "docs": [],
          "location": {
            "start": {
              "offset": 279,
              "uri": "models.dart",
              "line": 9,
              "column": 12
            },
            "end": {
              "offset": 290,
              "uri": "models.dart",
              "line": 9,
              "column": 23
            },
            "text": "cashBalance"
          }
        },
        "portfolio": {
          "name": "portfolio",
          "apiName": "models",
          "typeParameters": [],
          "parameters": [
            {
              "name": "portfolio",
              "type": {
                "$": "TypeReference",
                "symbol": "Portfolio",
                "url": "package:_common/src/models/portfolio.dart",
                "isNullable": false
              },
              "required": true,
              "named": false,
              "location": {
                "start": {
                  "offset": 369,
                  "uri": "models.dart",
                  "line": 11,
                  "column": 30
                },
                "end": {
                  "offset": 378,
                  "uri": "models.dart",
                  "line": 11,
                  "column": 39
                },
                "text": "portfolio"
              }
            }
          ],
          "returnType": {
            "$": "TypeReference",
            "symbol": "Portfolio",
            "url": "package:_common/src/models/portfolio.dart",
            "isNullable": false
          },
          "flattenedReturnType": {
            "$": "TypeReference",
            "symbol": "Portfolio",
            "url": "package:_common/src/models/portfolio.dart",
            "isNullable": false
          },
          "metadata": [],
          "docs": [],
          "location": {
            "start": {
              "offset": 349,
              "uri": "models.dart",
              "line": 11,
              "column": 10
            },
            "end": {
              "offset": 358,
              "uri": "models.dart",
              "line": 11,
              "column": 19
            },
            "text": "portfolio"
          }
        },
        "stock": {
          "name": "stock",
          "apiName": "models",
          "typeParameters": [],
          "parameters": [
            {
              "name": "stock",
              "type": {
                "$": "TypeReference",
                "symbol": "Stock",
                "url": "package:_common/src/models/stock.dart",
                "isNullable": false
              },
              "required": true,
              "named": false,
              "location": {
                "start": {
                  "offset": 419,
                  "uri": "models.dart",
                  "line": 13,
                  "column": 18
                },
                "end": {
                  "offset": 424,
                  "uri": "models.dart",
                  "line": 13,
                  "column": 23
                },
                "text": "stock"
              }
            }
          ],
          "returnType": {
            "$": "TypeReference",
            "symbol": "Stock",
            "url": "package:_common/src/models/stock.dart",
            "isNullable": false
          },
          "flattenedReturnType": {
            "$": "TypeReference",
            "symbol": "Stock",
            "url": "package:_common/src/models/stock.dart",
            "isNullable": false
          },
          "metadata": [],
          "docs": [],
          "location": {
            "start": {
              "offset": 407,
              "uri": "models.dart",
              "line": 13,
              "column": 6
            },
            "end": {
              "offset": 412,
              "uri": "models.dart",
              "line": 13,
              "column": 11
            },
            "text": "stock"
          }
        },
        "ui": {
          "name": "ui",
          "apiName": "models",
          "typeParameters": [],
          "parameters": [
            {
              "name": "ui",
              "type": {
                "$": "TypeReference",
                "symbol": "Ui",
                "url": "package:_common/src/models/ui.dart",
                "isNullable": false
              },
              "required": true,
              "named": false,
              "location": {
                "start": {
                  "offset": 452,
                  "uri": "models.dart",
                  "line": 15,
                  "column": 9
                },
                "end": {
                  "offset": 454,
                  "uri": "models.dart",
                  "line": 15,
                  "column": 11
                },
                "text": "ui"
              }
            }
          ],
          "returnType": {
            "$": "TypeReference",
            "symbol": "Ui",
            "url": "package:_common/src/models/ui.dart",
            "isNullable": false
          },
          "flattenedReturnType": {
            "$": "TypeReference",
            "symbol": "Ui",
            "url": "package:_common/src/models/ui.dart",
            "isNullable": false
          },
          "metadata": [],
          "docs": [],
          "location": {
            "start": {
              "offset": 446,
              "uri": "models.dart",
              "line": 15,
              "column": 3
            },
            "end": {
              "offset": 448,
              "uri": "models.dart",
              "line": 15,
              "column": 5
            },
            "text": "ui"
          }
        }
      },
      "docs": [],
      "exceptionTypes": [
        {
          "$": "TypeReference",
          "symbol": "UserException",
          "url": "package:celest_backend/exceptions/overrides.dart",
          "isNullable": false
        },
        {
          "$": "TypeReference",
          "symbol": "AppError",
          "url": "package:celest_backend/exceptions/overrides.dart",
          "isNullable": false
        },
        {
          "$": "TypeReference",
          "symbol": "AppException",
          "url": "package:celest_backend/exceptions/overrides.dart",
          "isNullable": false
        },
        {
          "$": "TypeReference",
          "symbol": "NotYetImplementedError",
          "url": "package:celest_backend/exceptions/overrides.dart",
          "isNullable": false
        },
        {
          "$": "TypeReference",
          "symbol": "ValidateError",
          "url": "package:_common/src/models/errors_and_exceptions.dart",
          "isNullable": false
        },
        {
          "$": "TypeReference",
          "symbol": "UserException_ShowInConsole",
          "url": "package:celest_backend/exceptions/overrides.dart",
          "isNullable": false
        },
        {
          "$": "TypeReference",
          "symbol": "BadRequestException",
          "url": "package:celest_core/src/exception/cloud_exception.dart",
          "isNullable": false
        },
        {
          "$": "TypeReference",
          "symbol": "UnauthorizedException",
          "url": "package:celest_core/src/exception/cloud_exception.dart",
          "isNullable": false
        },
        {
          "$": "TypeReference",
          "symbol": "InternalServerException",
          "url": "package:celest_core/src/exception/cloud_exception.dart",
          "isNullable": false
        },
        {
          "$": "TypeReference",
          "symbol": "SerializationException",
          "url": "package:celest_core/src/exception/serialization_exception.dart",
          "isNullable": false
        }
      ],
      "location": {
        "start": {
          "offset": 0,
          "uri": "models.dart",
          "line": 0,
          "column": 0
        },
        "end": {
          "offset": 0,
          "uri": "models.dart",
          "line": 0,
          "column": 0
        },
        "text": ""
      }
    }
  },
  "envVars": [],
  "sdkInfo": {
    "sdkVersion": "3.4.0",
    "enabledExperiments": [],
    "flutterSdkVersion": "3.22.0"
  },
  "location": {
    "start": {
      "offset": 44,
      "uri": "project.dart",
      "line": 2,
      "column": 6
    },
    "end": {
      "offset": 51,
      "uri": "project.dart",
      "line": 2,
      "column": 13
    },
    "text": "project"
  }
}