{
  "name": "marcelo",
  "apis": {
    "exceptions": {
      "name": "exceptions",
      "functions": {
        "throwsUserException": {
          "name": "throwsUserException",
          "route": "/exceptions/throws-user-exception",
          "apiName": "exceptions",
          "envVars": []
        },
        "callsThrowsUserException": {
          "name": "callsThrowsUserException",
          "route": "/exceptions/calls-throws-user-exception",
          "apiName": "exceptions",
          "envVars": []
        },
        "throwsAppError": {
          "name": "throwsAppError",
          "route": "/exceptions/throws-app-error",
          "apiName": "exceptions",
          "envVars": []
        },
        "throwsAppException": {
          "name": "throwsAppException",
          "route": "/exceptions/throws-app-exception",
          "apiName": "exceptions",
          "envVars": []
        },
        "throwsNotYetImplementedError": {
          "name": "throwsNotYetImplementedError",
          "route": "/exceptions/throws-not-yet-implemented-error",
          "apiName": "exceptions",
          "envVars": []
        },
        "throwsValidateError": {
          "name": "throwsValidateError",
          "route": "/exceptions/throws-validate-error",
          "apiName": "exceptions",
          "envVars": []
        },
        "throwsUserException_ShowInConsole": {
          "name": "throwsUserException_ShowInConsole",
          "route": "/exceptions/throws-user-exception-show-in-console",
          "apiName": "exceptions",
          "envVars": []
        }
      }
    },
    "models": {
      "name": "models",
      "functions": {
        "availableStock": {
          "name": "availableStock",
          "route": "/models/available-stock",
          "apiName": "models",
          "envVars": []
        },
        "availableStocks": {
          "name": "availableStocks",
          "route": "/models/available-stocks",
          "apiName": "models",
          "envVars": []
        },
        "cashBalance": {
          "name": "cashBalance",
          "route": "/models/cash-balance",
          "apiName": "models",
          "envVars": []
        },
        "portfolio": {
          "name": "portfolio",
          "route": "/models/portfolio",
          "apiName": "models",
          "envVars": []
        },
        "stock": {
          "name": "stock",
          "route": "/models/stock",
          "apiName": "models",
          "envVars": []
        },
        "ui": {
          "name": "ui",
          "route": "/models/ui",
          "apiName": "models",
          "envVars": []
        }
      }
    }
  },
  "envVars": [],
  "sdkInfo": {
    "sdkVersion": "3.4.1",
    "enabledExperiments": [],
    "featureFlags": [
      "streaming"
    ]
  }
}