{
  "name": "flutter",
  "reference": {
    "$": "Reference",
    "symbol": "project",
    "url": "project:project.dart"
  },
  "apis": {
    "dart_ui": {
      "name": "dart_ui",
      "metadata": [],
      "functions": {
        "lerpColor": {
          "name": "lerpColor",
          "apiName": "dart_ui",
          "typeParameters": [],
          "parameters": [
            {
              "name": "a",
              "type": {
                "$": "TypeReference",
                "symbol": "Color",
                "url": "dart:ui",
                "isNullable": false
              },
              "required": true,
              "named": false,
              "location": {
                "start": {
                  "offset": 189,
                  "uri": "package:celest_backend/src/functions/dart_ui.dart",
                  "line": 8,
                  "column": 36
                },
                "end": {
                  "offset": 190,
                  "uri": "package:celest_backend/src/functions/dart_ui.dart",
                  "line": 8,
                  "column": 37
                },
                "text": "a"
              }
            },
            {
              "name": "b",
              "type": {
                "$": "TypeReference",
                "symbol": "Color",
                "url": "dart:ui",
                "isNullable": false
              },
              "required": true,
              "named": false,
              "location": {
                "start": {
                  "offset": 201,
                  "uri": "package:celest_backend/src/functions/dart_ui.dart",
                  "line": 8,
                  "column": 48
                },
                "end": {
                  "offset": 202,
                  "uri": "package:celest_backend/src/functions/dart_ui.dart",
                  "line": 8,
                  "column": 49
                },
                "text": "b"
              }
            },
            {
              "name": "t",
              "type": {
                "$": "TypeReference",
                "symbol": "double",
                "url": "dart:core",
                "isNullable": false
              },
              "required": true,
              "named": false,
              "location": {
                "start": {
                  "offset": 211,
                  "uri": "package:celest_backend/src/functions/dart_ui.dart",
                  "line": 8,
                  "column": 58
                },
                "end": {
                  "offset": 212,
                  "uri": "package:celest_backend/src/functions/dart_ui.dart",
                  "line": 8,
                  "column": 59
                },
                "text": "t"
              }
            }
          ],
          "returnType": {
            "$": "TypeReference",
            "symbol": "Future",
            "url": "dart:async",
            "types": [
              {
                "$": "TypeReference",
                "symbol": "Color",
                "url": "dart:ui",
                "isNullable": false
              }
            ],
            "isNullable": false
          },
          "flattenedReturnType": {
            "$": "TypeReference",
            "symbol": "Color",
            "url": "dart:ui",
            "isNullable": false
          },
          "metadata": [],
          "docs": [],
          "location": {
            "start": {
              "offset": 170,
              "uri": "package:celest_backend/src/functions/dart_ui.dart",
              "line": 8,
              "column": 17
            },
            "end": {
              "offset": 179,
              "uri": "package:celest_backend/src/functions/dart_ui.dart",
              "line": 8,
              "column": 26
            },
            "text": "lerpColor"
          }
        },
        "addCountryCode": {
          "name": "addCountryCode",
          "apiName": "dart_ui",
          "typeParameters": [],
          "parameters": [
            {
              "name": "locale",
              "type": {
                "$": "TypeReference",
                "symbol": "Locale",
                "url": "dart:ui",
                "isNullable": false
              },
              "required": true,
              "named": false,
              "location": {
                "start": {
                  "offset": 309,
                  "uri": "package:celest_backend/src/functions/dart_ui.dart",
                  "line": 13,
                  "column": 43
                },
                "end": {
                  "offset": 315,
                  "uri": "package:celest_backend/src/functions/dart_ui.dart",
                  "line": 13,
                  "column": 49
                },
                "text": "locale"
              }
            },
            {
              "name": "countryCode",
              "type": {
                "$": "TypeReference",
                "symbol": "String",
                "url": "dart:core",
                "isNullable": false
              },
              "required": true,
              "named": false,
              "location": {
                "start": {
                  "offset": 324,
                  "uri": "package:celest_backend/src/functions/dart_ui.dart",
                  "line": 13,
                  "column": 58
                },
                "end": {
                  "offset": 335,
                  "uri": "package:celest_backend/src/functions/dart_ui.dart",
                  "line": 13,
                  "column": 69
                },
                "text": "countryCode"
              }
            }
          ],
          "returnType": {
            "$": "TypeReference",
            "symbol": "Future",
            "url": "dart:async",
            "types": [
              {
                "$": "TypeReference",
                "symbol": "Locale",
                "url": "dart:ui",
                "isNullable": false
              }
            ],
            "isNullable": false
          },
          "flattenedReturnType": {
            "$": "TypeReference",
            "symbol": "Locale",
            "url": "dart:ui",
            "isNullable": false
          },
          "metadata": [],
          "docs": [],
          "location": {
            "start": {
              "offset": 284,
              "uri": "package:celest_backend/src/functions/dart_ui.dart",
              "line": 13,
              "column": 18
            },
            "end": {
              "offset": 298,
              "uri": "package:celest_backend/src/functions/dart_ui.dart",
              "line": 13,
              "column": 32
            },
            "text": "addCountryCode"
          }
        }
      },
      "docs": [
        "/// Tests that dart:ui types can be used as inputs/outputs in functions."
      ],
      "exceptionTypes": [
        {
          "$": "TypeReference",
          "symbol": "CloudException",
          "url": "package:celest_core/src/exception/cloud_exception.dart",
          "isNullable": false
        },
        {
          "$": "TypeReference",
          "symbol": "CancelledException",
          "url": "package:celest_core/src/exception/cloud_exception.dart",
          "isNullable": false
        },
        {
          "$": "TypeReference",
          "symbol": "UnknownError",
          "url": "package:celest_core/src/exception/cloud_exception.dart",
          "isNullable": false
        },
        {
          "$": "TypeReference",
          "symbol": "BadRequestException",
          "url": "package:celest_core/src/exception/cloud_exception.dart",
          "isNullable": false
        },
        {
          "$": "TypeReference",
          "symbol": "UnauthorizedException",
          "url": "package:celest_core/src/exception/cloud_exception.dart",
          "isNullable": false
        },
        {
          "$": "TypeReference",
          "symbol": "NotFoundException",
          "url": "package:celest_core/src/exception/cloud_exception.dart",
          "isNullable": false
        },
        {
          "$": "TypeReference",
          "symbol": "AlreadyExistsException",
          "url": "package:celest_core/src/exception/cloud_exception.dart",
          "isNullable": false
        },
        {
          "$": "TypeReference",
          "symbol": "PermissionDeniedException",
          "url": "package:celest_core/src/exception/cloud_exception.dart",
          "isNullable": false
        },
        {
          "$": "TypeReference",
          "symbol": "ResourceExhaustedException",
          "url": "package:celest_core/src/exception/cloud_exception.dart",
          "isNullable": false
        },
        {
          "$": "TypeReference",
          "symbol": "FailedPreconditionException",
          "url": "package:celest_core/src/exception/cloud_exception.dart",
          "isNullable": false
        },
        {
          "$": "TypeReference",
          "symbol": "AbortedException",
          "url": "package:celest_core/src/exception/cloud_exception.dart",
          "isNullable": false
        },
        {
          "$": "TypeReference",
          "symbol": "OutOfRangeException",
          "url": "package:celest_core/src/exception/cloud_exception.dart",
          "isNullable": false
        },
        {
          "$": "TypeReference",
          "symbol": "UnimplementedError",
          "url": "package:celest_core/src/exception/cloud_exception.dart",
          "isNullable": false
        },
        {
          "$": "TypeReference",
          "symbol": "InternalServerError",
          "url": "package:celest_core/src/exception/cloud_exception.dart",
          "isNullable": false
        },
        {
          "$": "TypeReference",
          "symbol": "UnavailableError",
          "url": "package:celest_core/src/exception/cloud_exception.dart",
          "isNullable": false
        },
        {
          "$": "TypeReference",
          "symbol": "DataLossError",
          "url": "package:celest_core/src/exception/cloud_exception.dart",
          "isNullable": false
        },
        {
          "$": "TypeReference",
          "symbol": "DeadlineExceededError",
          "url": "package:celest_core/src/exception/cloud_exception.dart",
          "isNullable": false
        },
        {
          "$": "TypeReference",
          "symbol": "SerializationException",
          "url": "package:celest_core/src/exception/serialization_exception.dart",
          "isNullable": false
        }
      ],
      "location": {
        "start": {
          "offset": 0,
          "uri": "package:celest_backend/src/functions/dart_ui.dart",
          "line": 0,
          "column": 0
        },
        "end": {
          "offset": 0,
          "uri": "package:celest_backend/src/functions/dart_ui.dart",
          "line": 0,
          "column": 0
        },
        "text": ""
      }
    },
    "flutter": {
      "name": "flutter",
      "metadata": [],
      "functions": {
        "paintWidget": {
          "name": "paintWidget",
          "apiName": "flutter",
          "typeParameters": [],
          "parameters": [],
          "returnType": {
            "$": "TypeReference",
            "symbol": "Future",
            "url": "dart:async",
            "types": [
              {
                "$": "Reference",
                "symbol": "Uint8List",
                "url": "dart:typed_data"
              }
            ],
            "isNullable": false
          },
          "flattenedReturnType": {
            "$": "Reference",
            "symbol": "Uint8List",
            "url": "dart:typed_data"
          },
          "metadata": [],
          "docs": [],
          "location": {
            "start": {
              "offset": 251,
              "uri": "package:celest_backend/src/functions/flutter.dart",
              "line": 10,
              "column": 18
            },
            "end": {
              "offset": 262,
              "uri": "package:celest_backend/src/functions/flutter.dart",
              "line": 10,
              "column": 29
            },
            "text": "paintWidget"
          }
        }
      },
      "docs": [],
      "exceptionTypes": [
        {
          "$": "TypeReference",
          "symbol": "CloudException",
          "url": "package:celest_core/src/exception/cloud_exception.dart",
          "isNullable": false
        },
        {
          "$": "TypeReference",
          "symbol": "CancelledException",
          "url": "package:celest_core/src/exception/cloud_exception.dart",
          "isNullable": false
        },
        {
          "$": "TypeReference",
          "symbol": "UnknownError",
          "url": "package:celest_core/src/exception/cloud_exception.dart",
          "isNullable": false
        },
        {
          "$": "TypeReference",
          "symbol": "BadRequestException",
          "url": "package:celest_core/src/exception/cloud_exception.dart",
          "isNullable": false
        },
        {
          "$": "TypeReference",
          "symbol": "UnauthorizedException",
          "url": "package:celest_core/src/exception/cloud_exception.dart",
          "isNullable": false
        },
        {
          "$": "TypeReference",
          "symbol": "NotFoundException",
          "url": "package:celest_core/src/exception/cloud_exception.dart",
          "isNullable": false
        },
        {
          "$": "TypeReference",
          "symbol": "AlreadyExistsException",
          "url": "package:celest_core/src/exception/cloud_exception.dart",
          "isNullable": false
        },
        {
          "$": "TypeReference",
          "symbol": "PermissionDeniedException",
          "url": "package:celest_core/src/exception/cloud_exception.dart",
          "isNullable": false
        },
        {
          "$": "TypeReference",
          "symbol": "ResourceExhaustedException",
          "url": "package:celest_core/src/exception/cloud_exception.dart",
          "isNullable": false
        },
        {
          "$": "TypeReference",
          "symbol": "FailedPreconditionException",
          "url": "package:celest_core/src/exception/cloud_exception.dart",
          "isNullable": false
        },
        {
          "$": "TypeReference",
          "symbol": "AbortedException",
          "url": "package:celest_core/src/exception/cloud_exception.dart",
          "isNullable": false
        },
        {
          "$": "TypeReference",
          "symbol": "OutOfRangeException",
          "url": "package:celest_core/src/exception/cloud_exception.dart",
          "isNullable": false
        },
        {
          "$": "TypeReference",
          "symbol": "UnimplementedError",
          "url": "package:celest_core/src/exception/cloud_exception.dart",
          "isNullable": false
        },
        {
          "$": "TypeReference",
          "symbol": "InternalServerError",
          "url": "package:celest_core/src/exception/cloud_exception.dart",
          "isNullable": false
        },
        {
          "$": "TypeReference",
          "symbol": "UnavailableError",
          "url": "package:celest_core/src/exception/cloud_exception.dart",
          "isNullable": false
        },
        {
          "$": "TypeReference",
          "symbol": "DataLossError",
          "url": "package:celest_core/src/exception/cloud_exception.dart",
          "isNullable": false
        },
        {
          "$": "TypeReference",
          "symbol": "DeadlineExceededError",
          "url": "package:celest_core/src/exception/cloud_exception.dart",
          "isNullable": false
        },
        {
          "$": "TypeReference",
          "symbol": "SerializationException",
          "url": "package:celest_core/src/exception/serialization_exception.dart",
          "isNullable": false
        },
        {
          "$": "TypeReference",
          "symbol": "NetworkImageLoadException",
          "url": "package:flutter/src/painting/image_provider.dart",
          "isNullable": false
        }
      ],
      "location": {
        "start": {
          "offset": 0,
          "uri": "package:celest_backend/src/functions/flutter.dart",
          "line": 0,
          "column": 0
        },
        "end": {
          "offset": 0,
          "uri": "package:celest_backend/src/functions/flutter.dart",
          "line": 0,
          "column": 0
        },
        "text": ""
      }
    }
  },
  "envVars": [],
  "sdkInfo": {
    "sdkVersion": "3.5.1",
    "enabledExperiments": [],
    "featureFlags": [
      "streaming"
    ],
    "flutterSdkVersion": "3.24.1"
  },
  "location": {
    "start": {
      "offset": 62,
      "uri": "project.dart",
      "line": 2,
      "column": 24
    },
    "end": {
      "offset": 77,
      "uri": "project.dart",
      "line": 2,
      "column": 39
    },
    "text": "name: 'flutter'"
  }
}