{
  "name": "simple",
  "apis": {},
  "envVars": [],
  "sdkInfo": {
    "enabledExperiments": [],
    "sdkVersion": "^3.0.0"
  }
}