{
  "projectName": "environments",
  "environmentName": "staging",
  "widgets": [
    {
      "id": "Celest::CloudApi-override-1438615779",
      "cloudApi": {
        "name": "override"
      }
    },
    {
      "id": "Celest::CloudFunction-override.sayHello-457560399",
      "cloudFunction": {
        "name": "sayHello",
        "apiName": "override"
      }
    }
  ]
}