{
  "name": "env_vars",
  "reference": {
    "$": "Reference",
    "symbol": "project",
    "url": "project:project.dart"
  },
  "apis": {
    "injected": {
      "name": "injected",
      "metadata": [],
      "functions": {
        "sayHello": {
          "name": "sayHello",
          "apiName": "injected",
          "typeParameters": [],
          "parameters": [
            {
              "name": "name",
              "type": {
                "$": "TypeReference",
                "symbol": "String",
                "url": "dart:core",
                "isNullable": false
              },
              "required": true,
              "named": true,
              "location": {
                "start": {
                  "offset": 184,
                  "uri": "injected.dart",
                  "line": 7,
                  "column": 30
                },
                "end": {
                  "offset": 188,
                  "uri": "injected.dart",
                  "line": 7,
                  "column": 34
                },
                "text": "name"
              },
              "references": {
                "name": "MY_NAME",
                "type": "environmentVariable"
              }
            },
            {
              "name": "age",
              "type": {
                "$": "TypeReference",
                "symbol": "int",
                "url": "dart:core",
                "isNullable": false
              },
              "required": true,
              "named": true,
              "location": {
                "start": {
                  "offset": 216,
                  "uri": "injected.dart",
                  "line": 8,
                  "column": 26
                },
                "end": {
                  "offset": 219,
                  "uri": "injected.dart",
                  "line": 8,
                  "column": 29
                },
                "text": "age"
              },
              "references": {
                "name": "MY_AGE",
                "type": "environmentVariable"
              }
            }
          ],
          "returnType": {
            "$": "TypeReference",
            "symbol": "String",
            "url": "dart:core",
            "isNullable": false
          },
          "flattenedReturnType": {
            "$": "TypeReference",
            "symbol": "String",
            "url": "dart:core",
            "isNullable": false
          },
          "metadata": [],
          "docs": [],
          "location": {
            "start": {
              "offset": 143,
              "uri": "injected.dart",
              "line": 6,
              "column": 7
            },
            "end": {
              "offset": 151,
              "uri": "injected.dart",
              "line": 6,
              "column": 15
            },
            "text": "sayHello"
          }
        },
        "sayHelloPerson": {
          "name": "sayHelloPerson",
          "apiName": "injected",
          "typeParameters": [],
          "parameters": [
            {
              "name": "name",
              "type": {
                "$": "TypeReference",
                "symbol": "String",
                "url": "dart:core",
                "isNullable": false
              },
              "required": true,
              "named": true,
              "location": {
                "start": {
                  "offset": 337,
                  "uri": "injected.dart",
                  "line": 15,
                  "column": 30
                },
                "end": {
                  "offset": 341,
                  "uri": "injected.dart",
                  "line": 15,
                  "column": 34
                },
                "text": "name"
              },
              "references": {
                "name": "MY_NAME",
                "type": "environmentVariable"
              }
            },
            {
              "name": "age",
              "type": {
                "$": "TypeReference",
                "symbol": "int",
                "url": "dart:core",
                "isNullable": false
              },
              "required": true,
              "named": true,
              "location": {
                "start": {
                  "offset": 369,
                  "uri": "injected.dart",
                  "line": 16,
                  "column": 26
                },
                "end": {
                  "offset": 372,
                  "uri": "injected.dart",
                  "line": 16,
                  "column": 29
                },
                "text": "age"
              },
              "references": {
                "name": "MY_AGE",
                "type": "environmentVariable"
              }
            },
            {
              "name": "height",
              "type": {
                "$": "TypeReference",
                "symbol": "double",
                "url": "dart:core",
                "isNullable": false
              },
              "required": true,
              "named": true,
              "location": {
                "start": {
                  "offset": 406,
                  "uri": "injected.dart",
                  "line": 17,
                  "column": 32
                },
                "end": {
                  "offset": 412,
                  "uri": "injected.dart",
                  "line": 17,
                  "column": 38
                },
                "text": "height"
              },
              "references": {
                "name": "MY_HEIGHT",
                "type": "environmentVariable"
              }
            },
            {
              "name": "weight",
              "type": {
                "$": "TypeReference",
                "symbol": "num",
                "url": "dart:core",
                "isNullable": false
              },
              "required": true,
              "named": true,
              "location": {
                "start": {
                  "offset": 443,
                  "uri": "injected.dart",
                  "line": 18,
                  "column": 29
                },
                "end": {
                  "offset": 449,
                  "uri": "injected.dart",
                  "line": 18,
                  "column": 35
                },
                "text": "weight"
              },
              "references": {
                "name": "MY_WEIGHT",
                "type": "environmentVariable"
              }
            },
            {
              "name": "isCool",
              "type": {
                "$": "TypeReference",
                "symbol": "bool",
                "url": "dart:core",
                "isNullable": false
              },
              "required": true,
              "named": true,
              "location": {
                "start": {
                  "offset": 479,
                  "uri": "injected.dart",
                  "line": 19,
                  "column": 28
                },
                "end": {
                  "offset": 485,
                  "uri": "injected.dart",
                  "line": 19,
                  "column": 34
                },
                "text": "isCool"
              },
              "references": {
                "name": "IM_COOL",
                "type": "environmentVariable"
              }
            },
            {
              "name": "website",
              "type": {
                "$": "Reference",
                "symbol": "Uri",
                "url": "dart:core"
              },
              "required": true,
              "named": true,
              "location": {
                "start": {
                  "offset": 517,
                  "uri": "injected.dart",
                  "line": 20,
                  "column": 30
                },
                "end": {
                  "offset": 524,
                  "uri": "injected.dart",
                  "line": 20,
                  "column": 37
                },
                "text": "website"
              },
              "references": {
                "name": "MY_WEBSITE",
                "type": "environmentVariable"
              }
            }
          ],
          "returnType": {
            "$": "TypeReference",
            "symbol": "Person",
            "url": "package:celest_backend/models/person.dart",
            "isNullable": false
          },
          "flattenedReturnType": {
            "$": "TypeReference",
            "symbol": "Person",
            "url": "package:celest_backend/models/person.dart",
            "isNullable": false
          },
          "metadata": [],
          "docs": [],
          "location": {
            "start": {
              "offset": 290,
              "uri": "injected.dart",
              "line": 14,
              "column": 7
            },
            "end": {
              "offset": 304,
              "uri": "injected.dart",
              "line": 14,
              "column": 21
            },
            "text": "sayHelloPerson"
          }
        }
      },
      "docs": [],
      "exceptionTypes": [
        {
          "$": "TypeReference",
          "symbol": "BadRequestException",
          "url": "package:celest_core/src/exception/cloud_exception.dart",
          "isNullable": false
        },
        {
          "$": "TypeReference",
          "symbol": "UnauthorizedException",
          "url": "package:celest_core/src/exception/cloud_exception.dart",
          "isNullable": false
        },
        {
          "$": "TypeReference",
          "symbol": "InternalServerError",
          "url": "package:celest_core/src/exception/cloud_exception.dart",
          "isNullable": false
        },
        {
          "$": "TypeReference",
          "symbol": "SerializationException",
          "url": "package:celest_core/src/exception/serialization_exception.dart",
          "isNullable": false
        }
      ],
      "location": {
        "start": {
          "offset": 0,
          "uri": "injected.dart",
          "line": 0,
          "column": 0
        },
        "end": {
          "offset": 0,
          "uri": "injected.dart",
          "line": 0,
          "column": 0
        },
        "text": ""
      }
    }
  },
  "envVars": [
    {
      "envName": "MY_NAME",
      "location": {
        "start": {
          "offset": 0,
          "uri": ".env",
          "line": 0,
          "column": 0
        },
        "end": {
          "offset": 15,
          "uri": ".env",
          "line": 1,
          "column": 0
        },
        "text": "MY_NAME=Dillon\n"
      }
    },
    {
      "envName": "MY_AGE",
      "location": {
        "start": {
          "offset": 15,
          "uri": ".env",
          "line": 1,
          "column": 0
        },
        "end": {
          "offset": 25,
          "uri": ".env",
          "line": 2,
          "column": 0
        },
        "text": "MY_AGE=28\n"
      }
    },
    {
      "envName": "MY_HEIGHT",
      "location": {
        "start": {
          "offset": 25,
          "uri": ".env",
          "line": 2,
          "column": 0
        },
        "end": {
          "offset": 40,
          "uri": ".env",
          "line": 3,
          "column": 0
        },
        "text": "MY_HEIGHT=5.83\n"
      }
    },
    {
      "envName": "MY_WEIGHT",
      "location": {
        "start": {
          "offset": 40,
          "uri": ".env",
          "line": 3,
          "column": 0
        },
        "end": {
          "offset": 54,
          "uri": ".env",
          "line": 4,
          "column": 0
        },
        "text": "MY_WEIGHT=130\n"
      }
    },
    {
      "envName": "IM_COOL",
      "location": {
        "start": {
          "offset": 54,
          "uri": ".env",
          "line": 4,
          "column": 0
        },
        "end": {
          "offset": 67,
          "uri": ".env",
          "line": 5,
          "column": 0
        },
        "text": "IM_COOL=true\n"
      }
    },
    {
      "envName": "MY_WEBSITE",
      "location": {
        "start": {
          "offset": 67,
          "uri": ".env",
          "line": 5,
          "column": 0
        },
        "end": {
          "offset": 101,
          "uri": ".env",
          "line": 5,
          "column": 34
        },
        "text": "MY_WEBSITE=\"https://dillonnys.com\""
      }
    }
  ],
  "sdkInfo": {
    "sdkVersion": "3.4.0",
    "enabledExperiments": [],
    "flutterSdkVersion": "3.22.0"
  },
  "location": {
    "start": {
      "offset": 44,
      "uri": "project.dart",
      "line": 2,
      "column": 6
    },
    "end": {
      "offset": 51,
      "uri": "project.dart",
      "line": 2,
      "column": 13
    },
    "text": "project"
  }
}