{
  "name": "env_vars",
  "apis": {
    "injected": {
      "name": "injected",
      "functions": {
        "sayHello": {
          "name": "sayHello",
          "route": "/injected/say-hello",
          "apiName": "injected",
          "envVars": [
            "MY_NAME",
            "MY_AGE"
          ],
          "secrets": []
        },
        "sayHelloPerson": {
          "name": "sayHelloPerson",
          "route": "/injected/say-hello-person",
          "apiName": "injected",
          "envVars": [
            "MY_NAME",
            "MY_AGE",
            "MY_HEIGHT",
            "MY_WEIGHT",
            "MY_WEBSITE",
            "IM_COOL",
            "CELEST_ENVIRONMENT"
          ],
          "secrets": [
            "SUPER_SECRET"
          ]
        }
      }
    }
  },
  "envVars": [
    {
      "name": "MY_NAME",
      "value": "Dillon"
    },
    {
      "name": "MY_AGE",
      "value": "28"
    },
    {
      "name": "MY_HEIGHT",
      "value": "5.83"
    },
    {
      "name": "IM_COOL",
      "value": "true"
    },
    {
      "name": "MY_WEBSITE",
      "value": "https://dillonnys.com"
    },
    {
      "name": "CELEST_ENVIRONMENT",
      "value": "local"
    },
    {
      "name": "MY_WEIGHT",
      "value": "130"
    }
  ],
  "secrets": [
    {
      "name": "SUPER_SECRET",
      "value": "SGk="
    }
  ],
  "sdkConfig": {
    "celest": "1.0.0-dev.0",
    "dart": {
      "type": "dart",
      "version": "3.5.3",
      "enabledExperiments": []
    },
    "targetSdk": "dart",
    "featureFlags": [
      "streaming"
    ],
    "flutter": {
      "type": "flutter",
      "version": "3.24.3",
      "enabledExperiments": []
    }
  }
}