{
  "name": "exceptions",
  "apis": {
    "external": {
      "name": "external",
      "functions": {
        "callsThrowsCommonException": {
          "name": "callsThrowsCommonException",
          "route": "/external/calls-throws-common-exception",
          "apiName": "external",
          "envVars": []
        },
        "callsThrowsCustomException": {
          "name": "callsThrowsCustomException",
          "route": "/external/calls-throws-custom-exception",
          "apiName": "external",
          "envVars": []
        }
      }
    },
    "nonthrowing": {
      "name": "nonthrowing",
      "functions": {
        "callsThrowsCustomError": {
          "name": "callsThrowsCustomError",
          "route": "/nonthrowing/calls-throws-custom-error",
          "apiName": "nonthrowing",
          "envVars": []
        },
        "callsThrowsBaseError": {
          "name": "callsThrowsBaseError",
          "route": "/nonthrowing/calls-throws-base-error",
          "apiName": "nonthrowing",
          "envVars": []
        },
        "callsThrowsCustomException": {
          "name": "callsThrowsCustomException",
          "route": "/nonthrowing/calls-throws-custom-exception",
          "apiName": "nonthrowing",
          "envVars": []
        },
        "callsThrowsBaseException": {
          "name": "callsThrowsBaseException",
          "route": "/nonthrowing/calls-throws-base-exception",
          "apiName": "nonthrowing",
          "envVars": []
        }
      }
    },
    "throwing": {
      "name": "throwing",
      "functions": {
        "throwsCustomError": {
          "name": "throwsCustomError",
          "route": "/throwing/throws-custom-error",
          "apiName": "throwing",
          "envVars": []
        },
        "throwsBaseError": {
          "name": "throwsBaseError",
          "route": "/throwing/throws-base-error",
          "apiName": "throwing",
          "envVars": []
        },
        "throwsCustomException": {
          "name": "throwsCustomException",
          "route": "/throwing/throws-custom-exception",
          "apiName": "throwing",
          "envVars": []
        },
        "throwsBaseException": {
          "name": "throwsBaseException",
          "route": "/throwing/throws-base-exception",
          "apiName": "throwing",
          "envVars": []
        }
      }
    }
  },
  "envVars": [],
  "sdkInfo": {
    "sdkVersion": "3.4.1",
    "enabledExperiments": [],
    "featureFlags": [
      "streaming"
    ]
  }
}