{
  "name": "exceptions",
  "reference": {
    "$": "Reference",
    "symbol": "project",
    "url": "project:project.dart"
  },
  "apis": {
    "external": {
      "name": "external",
      "metadata": [],
      "functions": {
        "callsThrowsCommonException": {
          "name": "callsThrowsCommonException",
          "apiName": "external",
          "typeParameters": [],
          "parameters": [],
          "returnType": {
            "$": "Reference",
            "symbol": "void",
            "url": "dart:core"
          },
          "flattenedReturnType": {
            "$": "Reference",
            "symbol": "void",
            "url": "dart:core"
          },
          "metadata": [],
          "docs": [],
          "location": {
            "start": {
              "offset": 249,
              "uri": "external.dart",
              "line": 11,
              "column": 5
            },
            "end": {
              "offset": 275,
              "uri": "external.dart",
              "line": 11,
              "column": 31
            },
            "text": "callsThrowsCommonException"
          }
        },
        "callsThrowsCustomException": {
          "name": "callsThrowsCustomException",
          "apiName": "external",
          "typeParameters": [],
          "parameters": [],
          "returnType": {
            "$": "Reference",
            "symbol": "void",
            "url": "dart:core"
          },
          "flattenedReturnType": {
            "$": "Reference",
            "symbol": "void",
            "url": "dart:core"
          },
          "metadata": [],
          "docs": [],
          "location": {
            "start": {
              "offset": 350,
              "uri": "external.dart",
              "line": 19,
              "column": 5
            },
            "end": {
              "offset": 376,
              "uri": "external.dart",
              "line": 19,
              "column": 31
            },
            "text": "callsThrowsCustomException"
          }
        }
      },
      "docs": [
        "/// Tests that types thrown from external packages can be detected via",
        "/// recursive imports and serialized correctly."
      ],
      "exceptionTypes": [
        {
          "$": "TypeReference",
          "symbol": "BadRequestException",
          "url": "package:celest_core/src/exception/cloud_exception.dart",
          "isNullable": false
        },
        {
          "$": "TypeReference",
          "symbol": "UnauthorizedException",
          "url": "package:celest_core/src/exception/cloud_exception.dart",
          "isNullable": false
        },
        {
          "$": "TypeReference",
          "symbol": "InternalServerError",
          "url": "package:celest_core/src/exception/cloud_exception.dart",
          "isNullable": false
        },
        {
          "$": "TypeReference",
          "symbol": "SerializationException",
          "url": "package:celest_core/src/exception/serialization_exception.dart",
          "isNullable": false
        },
        {
          "$": "TypeReference",
          "symbol": "CustomException",
          "url": "package:_common/_common.dart",
          "isNullable": false
        },
        {
          "$": "TypeReference",
          "symbol": "CommonException",
          "url": "package:_common/_common.dart",
          "isNullable": false
        },
        {
          "$": "TypeReference",
          "symbol": "OverriddenException",
          "url": "package:_common/_common.dart",
          "isNullable": false
        }
      ],
      "location": {
        "start": {
          "offset": 0,
          "uri": "external.dart",
          "line": 0,
          "column": 0
        },
        "end": {
          "offset": 0,
          "uri": "external.dart",
          "line": 0,
          "column": 0
        },
        "text": ""
      }
    },
    "nonthrowing": {
      "name": "nonthrowing",
      "metadata": [],
      "functions": {
        "callsThrowsCustomError": {
          "name": "callsThrowsCustomError",
          "apiName": "nonthrowing",
          "typeParameters": [],
          "parameters": [],
          "returnType": {
            "$": "Reference",
            "symbol": "void",
            "url": "dart:core"
          },
          "flattenedReturnType": {
            "$": "Reference",
            "symbol": "void",
            "url": "dart:core"
          },
          "metadata": [],
          "docs": [],
          "location": {
            "start": {
              "offset": 184,
              "uri": "nonthrowing.dart",
              "line": 10,
              "column": 5
            },
            "end": {
              "offset": 206,
              "uri": "nonthrowing.dart",
              "line": 10,
              "column": 27
            },
            "text": "callsThrowsCustomError"
          }
        },
        "callsThrowsBaseError": {
          "name": "callsThrowsBaseError",
          "apiName": "nonthrowing",
          "typeParameters": [],
          "parameters": [],
          "returnType": {
            "$": "Reference",
            "symbol": "void",
            "url": "dart:core"
          },
          "flattenedReturnType": {
            "$": "Reference",
            "symbol": "void",
            "url": "dart:core"
          },
          "metadata": [],
          "docs": [],
          "location": {
            "start": {
              "offset": 270,
              "uri": "nonthrowing.dart",
              "line": 18,
              "column": 5
            },
            "end": {
              "offset": 290,
              "uri": "nonthrowing.dart",
              "line": 18,
              "column": 25
            },
            "text": "callsThrowsBaseError"
          }
        },
        "callsThrowsCustomException": {
          "name": "callsThrowsCustomException",
          "apiName": "nonthrowing",
          "typeParameters": [],
          "parameters": [],
          "returnType": {
            "$": "Reference",
            "symbol": "void",
            "url": "dart:core"
          },
          "flattenedReturnType": {
            "$": "Reference",
            "symbol": "void",
            "url": "dart:core"
          },
          "metadata": [],
          "docs": [],
          "location": {
            "start": {
              "offset": 352,
              "uri": "nonthrowing.dart",
              "line": 26,
              "column": 5
            },
            "end": {
              "offset": 378,
              "uri": "nonthrowing.dart",
              "line": 26,
              "column": 31
            },
            "text": "callsThrowsCustomException"
          }
        },
        "callsThrowsBaseException": {
          "name": "callsThrowsBaseException",
          "apiName": "nonthrowing",
          "typeParameters": [],
          "parameters": [],
          "returnType": {
            "$": "Reference",
            "symbol": "void",
            "url": "dart:core"
          },
          "flattenedReturnType": {
            "$": "Reference",
            "symbol": "void",
            "url": "dart:core"
          },
          "metadata": [],
          "docs": [],
          "location": {
            "start": {
              "offset": 446,
              "uri": "nonthrowing.dart",
              "line": 34,
              "column": 5
            },
            "end": {
              "offset": 470,
              "uri": "nonthrowing.dart",
              "line": 34,
              "column": 29
            },
            "text": "callsThrowsBaseException"
          }
        }
      },
      "docs": [
        "/// A library with methods that do not through but call methods that do throw."
      ],
      "exceptionTypes": [
        {
          "$": "TypeReference",
          "symbol": "BadRequestException",
          "url": "package:celest_core/src/exception/cloud_exception.dart",
          "isNullable": false
        },
        {
          "$": "TypeReference",
          "symbol": "UnauthorizedException",
          "url": "package:celest_core/src/exception/cloud_exception.dart",
          "isNullable": false
        },
        {
          "$": "TypeReference",
          "symbol": "InternalServerError",
          "url": "package:celest_core/src/exception/cloud_exception.dart",
          "isNullable": false
        },
        {
          "$": "TypeReference",
          "symbol": "SerializationException",
          "url": "package:celest_core/src/exception/serialization_exception.dart",
          "isNullable": false
        },
        {
          "$": "TypeReference",
          "symbol": "BaseException",
          "url": "package:celest_backend/exceptions/exceptions.dart",
          "isNullable": false
        },
        {
          "$": "TypeReference",
          "symbol": "CustomException",
          "url": "package:celest_backend/exceptions/exceptions.dart",
          "isNullable": false
        },
        {
          "$": "TypeReference",
          "symbol": "BaseError",
          "url": "package:celest_backend/exceptions/exceptions.dart",
          "isNullable": false
        },
        {
          "$": "TypeReference",
          "symbol": "CustomError",
          "url": "package:celest_backend/exceptions/exceptions.dart",
          "isNullable": false
        }
      ],
      "location": {
        "start": {
          "offset": 0,
          "uri": "nonthrowing.dart",
          "line": 0,
          "column": 0
        },
        "end": {
          "offset": 0,
          "uri": "nonthrowing.dart",
          "line": 0,
          "column": 0
        },
        "text": ""
      }
    },
    "throwing": {
      "name": "throwing",
      "metadata": [],
      "functions": {
        "throwsCustomError": {
          "name": "throwsCustomError",
          "apiName": "throwing",
          "typeParameters": [],
          "parameters": [],
          "returnType": {
            "$": "Reference",
            "symbol": "void",
            "url": "dart:core"
          },
          "flattenedReturnType": {
            "$": "Reference",
            "symbol": "void",
            "url": "dart:core"
          },
          "metadata": [],
          "docs": [],
          "location": {
            "start": {
              "offset": 131,
              "uri": "throwing.dart",
              "line": 7,
              "column": 5
            },
            "end": {
              "offset": 148,
              "uri": "throwing.dart",
              "line": 7,
              "column": 22
            },
            "text": "throwsCustomError"
          }
        },
        "throwsBaseError": {
          "name": "throwsBaseError",
          "apiName": "throwing",
          "typeParameters": [],
          "parameters": [],
          "returnType": {
            "$": "Reference",
            "symbol": "void",
            "url": "dart:core"
          },
          "flattenedReturnType": {
            "$": "Reference",
            "symbol": "void",
            "url": "dart:core"
          },
          "metadata": [],
          "docs": [],
          "location": {
            "start": {
              "offset": 221,
              "uri": "throwing.dart",
              "line": 15,
              "column": 5
            },
            "end": {
              "offset": 236,
              "uri": "throwing.dart",
              "line": 15,
              "column": 20
            },
            "text": "throwsBaseError"
          }
        },
        "throwsCustomException": {
          "name": "throwsCustomException",
          "apiName": "throwing",
          "typeParameters": [],
          "parameters": [],
          "returnType": {
            "$": "Reference",
            "symbol": "void",
            "url": "dart:core"
          },
          "flattenedReturnType": {
            "$": "Reference",
            "symbol": "void",
            "url": "dart:core"
          },
          "metadata": [],
          "docs": [],
          "location": {
            "start": {
              "offset": 307,
              "uri": "throwing.dart",
              "line": 23,
              "column": 5
            },
            "end": {
              "offset": 328,
              "uri": "throwing.dart",
              "line": 23,
              "column": 26
            },
            "text": "throwsCustomException"
          }
        },
        "throwsBaseException": {
          "name": "throwsBaseException",
          "apiName": "throwing",
          "typeParameters": [],
          "parameters": [],
          "returnType": {
            "$": "Reference",
            "symbol": "void",
            "url": "dart:core"
          },
          "flattenedReturnType": {
            "$": "Reference",
            "symbol": "void",
            "url": "dart:core"
          },
          "metadata": [],
          "docs": [],
          "location": {
            "start": {
              "offset": 405,
              "uri": "throwing.dart",
              "line": 31,
              "column": 5
            },
            "end": {
              "offset": 424,
              "uri": "throwing.dart",
              "line": 31,
              "column": 24
            },
            "text": "throwsBaseException"
          }
        }
      },
      "docs": [],
      "exceptionTypes": [
        {
          "$": "TypeReference",
          "symbol": "BadRequestException",
          "url": "package:celest_core/src/exception/cloud_exception.dart",
          "isNullable": false
        },
        {
          "$": "TypeReference",
          "symbol": "UnauthorizedException",
          "url": "package:celest_core/src/exception/cloud_exception.dart",
          "isNullable": false
        },
        {
          "$": "TypeReference",
          "symbol": "InternalServerError",
          "url": "package:celest_core/src/exception/cloud_exception.dart",
          "isNullable": false
        },
        {
          "$": "TypeReference",
          "symbol": "SerializationException",
          "url": "package:celest_core/src/exception/serialization_exception.dart",
          "isNullable": false
        },
        {
          "$": "TypeReference",
          "symbol": "BaseException",
          "url": "package:celest_backend/exceptions/exceptions.dart",
          "isNullable": false
        },
        {
          "$": "TypeReference",
          "symbol": "CustomException",
          "url": "package:celest_backend/exceptions/exceptions.dart",
          "isNullable": false
        },
        {
          "$": "TypeReference",
          "symbol": "BaseError",
          "url": "package:celest_backend/exceptions/exceptions.dart",
          "isNullable": false
        },
        {
          "$": "TypeReference",
          "symbol": "CustomError",
          "url": "package:celest_backend/exceptions/exceptions.dart",
          "isNullable": false
        }
      ],
      "location": {
        "start": {
          "offset": 0,
          "uri": "throwing.dart",
          "line": 0,
          "column": 0
        },
        "end": {
          "offset": 0,
          "uri": "throwing.dart",
          "line": 0,
          "column": 0
        },
        "text": ""
      }
    }
  },
  "envVars": [],
  "sdkInfo": {
    "sdkVersion": "3.4.4",
    "enabledExperiments": [],
    "featureFlags": [
      "streaming"
    ]
  },
  "location": {
    "start": {
      "offset": 44,
      "uri": "project.dart",
      "line": 2,
      "column": 6
    },
    "end": {
      "offset": 51,
      "uri": "project.dart",
      "line": 2,
      "column": 13
    },
    "text": "project"
  }
}