openapi: 3.0.3
info:
  title: exceptions
  version: 'v1'
paths:
  '/external/calls-throws-common-exception':
    post:
      operationId: external.callsThrowsCommonException
      responses:
        '200':
          description: |-
              Successful response
          content:
            application/json:
              schema:
                nullable: true
        default:
          description: |-
              Default response. This should never be returned.
          content:
            application/json:
              schema:
                nullable: true
                additionalProperties: false
  '/external/calls-throws-custom-exception':
    post:
      operationId: external.callsThrowsCustomException
      responses:
        '200':
          description: |-
              Successful response
          content:
            application/json:
              schema:
                nullable: true
        default:
          description: |-
              Default response. This should never be returned.
          content:
            application/json:
              schema:
                nullable: true
                additionalProperties: false
  '/nonthrowing/calls-throws-custom-error':
    post:
      operationId: nonthrowing.callsThrowsCustomError
      responses:
        '200':
          description: |-
              Successful response
          content:
            application/json:
              schema:
                nullable: true
        default:
          description: |-
              Default response. This should never be returned.
          content:
            application/json:
              schema:
                nullable: true
                additionalProperties: false
  '/nonthrowing/calls-throws-base-error':
    post:
      operationId: nonthrowing.callsThrowsBaseError
      responses:
        '200':
          description: |-
              Successful response
          content:
            application/json:
              schema:
                nullable: true
        default:
          description: |-
              Default response. This should never be returned.
          content:
            application/json:
              schema:
                nullable: true
                additionalProperties: false
  '/nonthrowing/calls-throws-custom-exception':
    post:
      operationId: nonthrowing.callsThrowsCustomException
      responses:
        '200':
          description: |-
              Successful response
          content:
            application/json:
              schema:
                nullable: true
        default:
          description: |-
              Default response. This should never be returned.
          content:
            application/json:
              schema:
                nullable: true
                additionalProperties: false
  '/nonthrowing/calls-throws-base-exception':
    post:
      operationId: nonthrowing.callsThrowsBaseException
      responses:
        '200':
          description: |-
              Successful response
          content:
            application/json:
              schema:
                nullable: true
        default:
          description: |-
              Default response. This should never be returned.
          content:
            application/json:
              schema:
                nullable: true
                additionalProperties: false
  '/throwing/throws-custom-error':
    post:
      operationId: throwing.throwsCustomError
      responses:
        '200':
          description: |-
              Successful response
          content:
            application/json:
              schema:
                nullable: true
        default:
          description: |-
              Default response. This should never be returned.
          content:
            application/json:
              schema:
                nullable: true
                additionalProperties: false
  '/throwing/throws-base-error':
    post:
      operationId: throwing.throwsBaseError
      responses:
        '200':
          description: |-
              Successful response
          content:
            application/json:
              schema:
                nullable: true
        default:
          description: |-
              Default response. This should never be returned.
          content:
            application/json:
              schema:
                nullable: true
                additionalProperties: false
  '/throwing/throws-custom-exception':
    post:
      operationId: throwing.throwsCustomException
      responses:
        '200':
          description: |-
              Successful response
          content:
            application/json:
              schema:
                nullable: true
        default:
          description: |-
              Default response. This should never be returned.
          content:
            application/json:
              schema:
                nullable: true
                additionalProperties: false
  '/throwing/throws-base-exception':
    post:
      operationId: throwing.throwsBaseException
      responses:
        '200':
          description: |-
              Successful response
          content:
            application/json:
              schema:
                nullable: true
        default:
          description: |-
              Default response. This should never be returned.
          content:
            application/json:
              schema:
                nullable: true
                additionalProperties: false
components:
  {}
